Archive member included to satisfy reference by file (symbol)

c:/st/stm32cubeide_1.8.0/stm32cubeide/plugins/com.st.stm32cube.ide.mcu.externaltools.gnu-tools-for-stm32.9-2020-q2-update.win32_2.0.0.202105311346/tools/bin/../lib/gcc/arm-none-eabi/9.3.1/../../../../arm-none-eabi/lib/thumb/v7-m/nofp\libc_nano.a(lib_a-exit.o)
                              c:/st/stm32cubeide_1.8.0/stm32cubeide/plugins/com.st.stm32cube.ide.mcu.externaltools.gnu-tools-for-stm32.9-2020-q2-update.win32_2.0.0.202105311346/tools/bin/../lib/gcc/arm-none-eabi/9.3.1/../../../../arm-none-eabi/lib/thumb/v7-m/nofp/crt0.o (exit)
c:/st/stm32cubeide_1.8.0/stm32cubeide/plugins/com.st.stm32cube.ide.mcu.externaltools.gnu-tools-for-stm32.9-2020-q2-update.win32_2.0.0.202105311346/tools/bin/../lib/gcc/arm-none-eabi/9.3.1/../../../../arm-none-eabi/lib/thumb/v7-m/nofp\libc_nano.a(lib_a-impure.o)
                              c:/st/stm32cubeide_1.8.0/stm32cubeide/plugins/com.st.stm32cube.ide.mcu.externaltools.gnu-tools-for-stm32.9-2020-q2-update.win32_2.0.0.202105311346/tools/bin/../lib/gcc/arm-none-eabi/9.3.1/../../../../arm-none-eabi/lib/thumb/v7-m/nofp\libc_nano.a(lib_a-exit.o) (_global_impure_ptr)
c:/st/stm32cubeide_1.8.0/stm32cubeide/plugins/com.st.stm32cube.ide.mcu.externaltools.gnu-tools-for-stm32.9-2020-q2-update.win32_2.0.0.202105311346/tools/bin/../lib/gcc/arm-none-eabi/9.3.1/../../../../arm-none-eabi/lib/thumb/v7-m/nofp\libc_nano.a(lib_a-init.o)
                              c:/st/stm32cubeide_1.8.0/stm32cubeide/plugins/com.st.stm32cube.ide.mcu.externaltools.gnu-tools-for-stm32.9-2020-q2-update.win32_2.0.0.202105311346/tools/bin/../lib/gcc/arm-none-eabi/9.3.1/../../../../arm-none-eabi/lib/thumb/v7-m/nofp/crt0.o (__libc_init_array)
c:/st/stm32cubeide_1.8.0/stm32cubeide/plugins/com.st.stm32cube.ide.mcu.externaltools.gnu-tools-for-stm32.9-2020-q2-update.win32_2.0.0.202105311346/tools/bin/../lib/gcc/arm-none-eabi/9.3.1/../../../../arm-none-eabi/lib/thumb/v7-m/nofp\libc_nano.a(lib_a-malloc.o)
                              ./iBQR/src/application/tdma_handler.o (malloc)
c:/st/stm32cubeide_1.8.0/stm32cubeide/plugins/com.st.stm32cube.ide.mcu.externaltools.gnu-tools-for-stm32.9-2020-q2-update.win32_2.0.0.202105311346/tools/bin/../lib/gcc/arm-none-eabi/9.3.1/../../../../arm-none-eabi/lib/thumb/v7-m/nofp\libc_nano.a(lib_a-memcmp.o)
                              ./iBQR/src/application/dw_main.o (memcmp)
c:/st/stm32cubeide_1.8.0/stm32cubeide/plugins/com.st.stm32cube.ide.mcu.externaltools.gnu-tools-for-stm32.9-2020-q2-update.win32_2.0.0.202105311346/tools/bin/../lib/gcc/arm-none-eabi/9.3.1/../../../../arm-none-eabi/lib/thumb/v7-m/nofp\libc_nano.a(lib_a-memcpy-stub.o)
                              ./iBQR/src/application/dw_main.o (memcpy)
c:/st/stm32cubeide_1.8.0/stm32cubeide/plugins/com.st.stm32cube.ide.mcu.externaltools.gnu-tools-for-stm32.9-2020-q2-update.win32_2.0.0.202105311346/tools/bin/../lib/gcc/arm-none-eabi/9.3.1/../../../../arm-none-eabi/lib/thumb/v7-m/nofp\libc_nano.a(lib_a-memset.o)
                              c:/st/stm32cubeide_1.8.0/stm32cubeide/plugins/com.st.stm32cube.ide.mcu.externaltools.gnu-tools-for-stm32.9-2020-q2-update.win32_2.0.0.202105311346/tools/bin/../lib/gcc/arm-none-eabi/9.3.1/../../../../arm-none-eabi/lib/thumb/v7-m/nofp/crt0.o (memset)
c:/st/stm32cubeide_1.8.0/stm32cubeide/plugins/com.st.stm32cube.ide.mcu.externaltools.gnu-tools-for-stm32.9-2020-q2-update.win32_2.0.0.202105311346/tools/bin/../lib/gcc/arm-none-eabi/9.3.1/../../../../arm-none-eabi/lib/thumb/v7-m/nofp\libc_nano.a(lib_a-nano-freer.o)
                              c:/st/stm32cubeide_1.8.0/stm32cubeide/plugins/com.st.stm32cube.ide.mcu.externaltools.gnu-tools-for-stm32.9-2020-q2-update.win32_2.0.0.202105311346/tools/bin/../lib/gcc/arm-none-eabi/9.3.1/../../../../arm-none-eabi/lib/thumb/v7-m/nofp\libc_nano.a(lib_a-malloc.o) (_free_r)
c:/st/stm32cubeide_1.8.0/stm32cubeide/plugins/com.st.stm32cube.ide.mcu.externaltools.gnu-tools-for-stm32.9-2020-q2-update.win32_2.0.0.202105311346/tools/bin/../lib/gcc/arm-none-eabi/9.3.1/../../../../arm-none-eabi/lib/thumb/v7-m/nofp\libc_nano.a(lib_a-nano-mallocr.o)
                              c:/st/stm32cubeide_1.8.0/stm32cubeide/plugins/com.st.stm32cube.ide.mcu.externaltools.gnu-tools-for-stm32.9-2020-q2-update.win32_2.0.0.202105311346/tools/bin/../lib/gcc/arm-none-eabi/9.3.1/../../../../arm-none-eabi/lib/thumb/v7-m/nofp\libc_nano.a(lib_a-malloc.o) (_malloc_r)
c:/st/stm32cubeide_1.8.0/stm32cubeide/plugins/com.st.stm32cube.ide.mcu.externaltools.gnu-tools-for-stm32.9-2020-q2-update.win32_2.0.0.202105311346/tools/bin/../lib/gcc/arm-none-eabi/9.3.1/../../../../arm-none-eabi/lib/thumb/v7-m/nofp\libc_nano.a(lib_a-nano-vfprintf_float.o)
                              (_printf_float)
[...]
Memory Configuration

Name             Origin             Length             Attributes
RAM              0x0000000020000000 0x0000000000010000 xrw
FLASH            0x0000000008000000 0x0000000000040000 xr
*default*        0x0000000000000000 0xffffffffffffffff

Linker script and memory map

LOAD c:/st/stm32cubeide_1.8.0/stm32cubeide/plugins/com.st.stm32cube.ide.mcu.externaltools.gnu-tools-for-stm32.9-2020-q2-update.win32_2.0.0.202105311346/tools/bin/../lib/gcc/arm-none-eabi/9.3.1/thumb/v7-m/nofp/crti.o
LOAD c:/st/stm32cubeide_1.8.0/stm32cubeide/plugins/com.st.stm32cube.ide.mcu.externaltools.gnu-tools-for-stm32.9-2020-q2-update.win32_2.0.0.202105311346/tools/bin/../lib/gcc/arm-none-eabi/9.3.1/thumb/v7-m/nofp/crtbegin.o
LOAD c:/st/stm32cubeide_1.8.0/stm32cubeide/plugins/com.st.stm32cube.ide.mcu.externaltools.gnu-tools-for-stm32.9-2020-q2-update.win32_2.0.0.202105311346/tools/bin/../lib/gcc/arm-none-eabi/9.3.1/../../../../arm-none-eabi/lib/thumb/v7-m/nofp/crt0.o
LOAD ./iBQR/Libraries/CMSIS/CM3/CoreSupport/core_cm3.o
LOAD ./iBQR/Libraries/CMSIS/CM3/DeviceSupport/ST/STM32F10x/startup/startup_stm32f10x_cl.o
LOAD ./iBQR/Libraries/CMSIS/CM3/DeviceSupport/ST/STM32F10x/system_stm32f10x.o
LOAD ./iBQR/Libraries/STM32F10x_StdPeriph_Driver/src/misc.o
LOAD ./iBQR/Libraries/STM32F10x_StdPeriph_Driver/src/stm32f10x_adc.o
LOAD ./iBQR/Libraries/STM32F10x_StdPeriph_Driver/src/stm32f10x_bkp.o
LOAD ./iBQR/Libraries/STM32F10x_StdPeriph_Driver/src/stm32f10x_can.o
LOAD ./iBQR/Libraries/STM32F10x_StdPeriph_Driver/src/stm32f10x_cec.o
LOAD ./iBQR/Libraries/STM32F10x_StdPeriph_Driver/src/stm32f10x_crc.o
LOAD ./iBQR/Libraries/STM32F10x_StdPeriph_Driver/src/stm32f10x_dac.o
LOAD ./iBQR/Libraries/STM32F10x_StdPeriph_Driver/src/stm32f10x_dbgmcu.o
LOAD ./iBQR/Libraries/STM32F10x_StdPeriph_Driver/src/stm32f10x_dma.o
LOAD ./iBQR/Libraries/STM32F10x_StdPeriph_Driver/src/stm32f10x_exti.o
LOAD ./iBQR/Libraries/STM32F10x_StdPeriph_Driver/src/stm32f10x_flash.o
LOAD ./iBQR/Libraries/STM32F10x_StdPeriph_Driver/src/stm32f10x_fsmc.o
LOAD ./iBQR/Libraries/STM32F10x_StdPeriph_Driver/src/stm32f10x_gpio.o
LOAD ./iBQR/Libraries/STM32F10x_StdPeriph_Driver/src/stm32f10x_i2c.o
LOAD ./iBQR/Libraries/STM32F10x_StdPeriph_Driver/src/stm32f10x_iwdg.o
LOAD ./iBQR/Libraries/STM32F10x_StdPeriph_Driver/src/stm32f10x_pwr.o
LOAD ./iBQR/Libraries/STM32F10x_StdPeriph_Driver/src/stm32f10x_rcc.o
LOAD ./iBQR/Libraries/STM32F10x_StdPeriph_Driver/src/stm32f10x_rtc.o
LOAD ./iBQR/Libraries/STM32F10x_StdPeriph_Driver/src/stm32f10x_sdio.o
LOAD ./iBQR/Libraries/STM32F10x_StdPeriph_Driver/src/stm32f10x_spi.o
LOAD ./iBQR/Libraries/STM32F10x_StdPeriph_Driver/src/stm32f10x_tim.o
LOAD ./iBQR/Libraries/STM32F10x_StdPeriph_Driver/src/stm32f10x_usart.o
LOAD ./iBQR/Libraries/STM32F10x_StdPeriph_Driver/src/stm32f10x_wwdg.o
LOAD ./iBQR/Libraries/STM32_USB_Device_Library/Class/cdc/src/usbd_cdc_core.o
LOAD ./iBQR/Libraries/STM32_USB_Device_Library/Class/cdc/src/usbd_cdc_if_template.o
LOAD ./iBQR/Libraries/STM32_USB_Device_Library/Core/src/usbd_core.o
LOAD ./iBQR/Libraries/STM32_USB_Device_Library/Core/src/usbd_ioreq.o
LOAD ./iBQR/Libraries/STM32_USB_Device_Library/Core/src/usbd_req.o
LOAD ./iBQR/Libraries/STM32_USB_OTG_Driver/src/usb_core.o
LOAD ./iBQR/Libraries/STM32_USB_OTG_Driver/src/usb_dcd.o
LOAD ./iBQR/Libraries/STM32_USB_OTG_Driver/src/usb_dcd_int.o
LOAD ./iBQR/Libraries/STM32_USB_OTG_Driver/src/usb_hcd.o
LOAD ./iBQR/Libraries/STM32_USB_OTG_Driver/src/usb_hcd_int.o
LOAD ./iBQR/main.o
LOAD ./iBQR/src/application/dw_main.o
LOAD ./iBQR/src/application/instance.o
LOAD ./iBQR/src/application/instance_calib.o
LOAD ./iBQR/src/application/instance_common.o
LOAD ./iBQR/src/application/tdma_handler.o
LOAD ./iBQR/src/decadriver/deca_device.o
LOAD ./iBQR/src/decadriver/deca_params_init.o
LOAD ./iBQR/src/platform/deca_mutex.o
LOAD ./iBQR/src/platform/deca_range_tables.o
LOAD ./iBQR/src/platform/deca_sleep.o
LOAD ./iBQR/src/platform/deca_spi.o
LOAD ./iBQR/src/platform/port.o
LOAD ./iBQR/src/platform/stm32f10x_it.o
LOAD ./iBQR/src/usb/deca_usb.o
LOAD ./iBQR/src/usb/deca_usb_bsp_evk1000.o
LOAD ./iBQR/src/usb/usbd_desc.o
LOAD ./iBQR/src/usb/usbd_usr.o
START GROUP
LOAD c:/st/stm32cubeide_1.8.0/stm32cubeide/plugins/com.st.stm32cube.ide.mcu.externaltools.gnu-tools-for-stm32.9-2020-q2-update.win32_2.0.0.202105311346/tools/bin/../lib/gcc/arm-none-eabi/9.3.1/../../../../arm-none-eabi/lib/thumb/v7-m/nofp\libc_nano.a
LOAD c:/st/stm32cubeide_1.8.0/stm32cubeide/plugins/com.st.stm32cube.ide.mcu.externaltools.gnu-tools-for-stm32.9-2020-q2-update.win32_2.0.0.202105311346/tools/bin/../lib/gcc/arm-none-eabi/9.3.1/../../../../arm-none-eabi/lib/thumb/v7-m/nofp\libm.a
END GROUP
START GROUP
LOAD c:/st/stm32cubeide_1.8.0/stm32cubeide/plugins/com.st.stm32cube.ide.mcu.externaltools.gnu-tools-for-stm32.9-2020-q2-update.win32_2.0.0.202105311346/tools/bin/../lib/gcc/arm-none-eabi/9.3.1/thumb/v7-m/nofp\libgcc.a
LOAD c:/st/stm32cubeide_1.8.0/stm32cubeide/plugins/com.st.stm32cube.ide.mcu.externaltools.gnu-tools-for-stm32.9-2020-q2-update.win32_2.0.0.202105311346/tools/bin/../lib/gcc/arm-none-eabi/9.3.1/../../../../arm-none-eabi/lib/thumb/v7-m/nofp\libc_nano.a
END GROUP
START GROUP
LOAD c:/st/stm32cubeide_1.8.0/stm32cubeide/plugins/com.st.stm32cube.ide.mcu.externaltools.gnu-tools-for-stm32.9-2020-q2-update.win32_2.0.0.202105311346/tools/bin/../lib/gcc/arm-none-eabi/9.3.1/thumb/v7-m/nofp\libgcc.a
LOAD c:/st/stm32cubeide_1.8.0/stm32cubeide/plugins/com.st.stm32cube.ide.mcu.externaltools.gnu-tools-for-stm32.9-2020-q2-update.win32_2.0.0.202105311346/tools/bin/../lib/gcc/arm-none-eabi/9.3.1/../../../../arm-none-eabi/lib/thumb/v7-m/nofp\libc_nano.a
LOAD c:/st/stm32cubeide_1.8.0/stm32cubeide/plugins/com.st.stm32cube.ide.mcu.externaltools.gnu-tools-for-stm32.9-2020-q2-update.win32_2.0.0.202105311346/tools/bin/../lib/gcc/arm-none-eabi/9.3.1/../../../../arm-none-eabi/lib/thumb/v7-m/nofp\libnosys.a
END GROUP
START GROUP
LOAD c:/st/stm32cubeide_1.8.0/stm32cubeide/plugins/com.st.stm32cube.ide.mcu.externaltools.gnu-tools-for-stm32.9-2020-q2-update.win32_2.0.0.202105311346/tools/bin/../lib/gcc/arm-none-eabi/9.3.1/thumb/v7-m/nofp\libgcc.a
LOAD c:/st/stm32cubeide_1.8.0/stm32cubeide/plugins/com.st.stm32cube.ide.mcu.externaltools.gnu-tools-for-stm32.9-2020-q2-update.win32_2.0.0.202105311346/tools/bin/../lib/gcc/arm-none-eabi/9.3.1/../../../../arm-none-eabi/lib/thumb/v7-m/nofp\libc_nano.a
LOAD c:/st/stm32cubeide_1.8.0/stm32cubeide/plugins/com.st.stm32cube.ide.mcu.externaltools.gnu-tools-for-stm32.9-2020-q2-update.win32_2.0.0.202105311346/tools/bin/../lib/gcc/arm-none-eabi/9.3.1/../../../../arm-none-eabi/lib/thumb/v7-m/nofp\libnosys.a
END GROUP
LOAD c:/st/stm32cubeide_1.8.0/stm32cubeide/plugins/com.st.stm32cube.ide.mcu.externaltools.gnu-tools-for-stm32.9-2020-q2-update.win32_2.0.0.202105311346/tools/bin/../lib/gcc/arm-none-eabi/9.3.1/thumb/v7-m/nofp/crtend.o
LOAD c:/st/stm32cubeide_1.8.0/stm32cubeide/plugins/com.st.stm32cube.ide.mcu.externaltools.gnu-tools-for-stm32.9-2020-q2-update.win32_2.0.0.202105311346/tools/bin/../lib/gcc/arm-none-eabi/9.3.1/thumb/v7-m/nofp/crtn.o
                0x0000000020010000                _estack = (ORIGIN (RAM) + LENGTH (RAM))
                0x0000000000000200                _Min_Heap_Size = 0x200
                0x0000000000000400                _Min_Stack_Size = 0x400

.isr_vector     0x0000000008000000      0x1e4
                0x0000000008000000                . = ALIGN (0x4)
 *(.isr_vector)
 .isr_vector    0x0000000008000000      0x1e4 ./iBQR/Libraries/CMSIS/CM3/DeviceSupport/ST/STM32F10x/startup/startup_stm32f10x_cl.o
                0x0000000008000000                g_pfnVectors
                0x00000000080001e4                . = ALIGN (0x4)

.text           0x00000000080001e8    0x17480
                0x00000000080001e8                . = ALIGN (0x4)
 *(.text)
 .text          0x00000000080001e8       0x40 c:/st/stm32cubeide_1.8.0/stm32cubeide/plugins/com.st.stm32cube.ide.mcu.externaltools.gnu-tools-for-stm32.9-2020-q2-update.win32_2.0.0.202105311346/tools/bin/../lib/gcc/arm-none-eabi/9.3.1/thumb/v7-m/nofp/crtbegin.o
 .text          0x0000000008000228       0x10 c:/st/stm32cubeide_1.8.0/stm32cubeide/plugins/com.st.stm32cube.ide.mcu.externaltools.gnu-tools-for-stm32.9-2020-q2-update.win32_2.0.0.202105311346/tools/bin/../lib/gcc/arm-none-eabi/9.3.1/../../../../arm-none-eabi/lib/thumb/v7-m/nofp\libc_nano.a(lib_a-strlen.o)
                0x0000000008000228                strlen
 .text          0x0000000008000238      0x378 c:/st/stm32cubeide_1.8.0/stm32cubeide/plugins/com.st.stm32cube.ide.mcu.externaltools.gnu-tools-for-stm32.9-2020-q2-update.win32_2.0.0.202105311346/tools/bin/../lib/gcc/arm-none-eabi/9.3.1/thumb/v7-m/nofp\libgcc.a(_arm_addsubdf3.o)
                0x0000000008000238                __aeabi_drsub
                0x0000000008000240                __aeabi_dsub
                0x0000000008000240                __subdf3
                0x0000000008000244                __aeabi_dadd
                0x0000000008000244                __adddf3
                0x00000000080004bc                __floatunsidf
                0x00000000080004bc                __aeabi_ui2d
                0x00000000080004dc                __floatsidf
                0x00000000080004dc                __aeabi_i2d
                0x0000000008000500                __aeabi_f2d
                0x0000000008000500                __extendsfdf2
                0x0000000008000544                __floatundidf
                0x0000000008000544                __aeabi_ul2d
                0x0000000008000554                __floatdidf
                0x0000000008000554                __aeabi_l2d
 .text          0x00000000080005b0      0x424 c:/st/stm32cubeide_1.8.0/stm32cubeide/plugins/com.st.stm32cube.ide.mcu.externaltools.gnu-tools-for-stm32.9-2020-q2-update.win32_2.0.0.202105311346/tools/bin/../lib/gcc/arm-none-eabi/9.3.1/thumb/v7-m/nofp\libgcc.a(_arm_muldivdf3.o)
                0x00000000080005b0                __aeabi_dmul
                0x00000000080005b0                __muldf3
                0x0000000008000804                __divdf3
                0x0000000008000804                __aeabi_ddiv
 .text          0x00000000080009d4      0x110 c:/st/stm32cubeide_1.8.0/stm32cubeide/plugins/com.st.stm32cube.ide.mcu.externaltools.gnu-tools-for-stm32.9-2020-q2-update.win32_2.0.0.202105311346/tools/bin/../lib/gcc/arm-none-eabi/9.3.1/thumb/v7-m/nofp\libgcc.a(_arm_cmpdf2.o)
                0x00000000080009d4                __gtdf2
                0x00000000080009d4                __gedf2
                0x00000000080009dc                __ltdf2
                0x00000000080009dc                __ledf2
                0x00000000080009e4                __nedf2
                0x00000000080009e4                __eqdf2
                0x00000000080009e4                __cmpdf2
                0x0000000008000a60                __aeabi_cdrcmple
                0x0000000008000a70                __aeabi_cdcmpeq
                0x0000000008000a70                __aeabi_cdcmple
                0x0000000008000a80                __aeabi_dcmpeq
                0x0000000008000a94                __aeabi_dcmplt
                0x0000000008000aa8                __aeabi_dcmple
                0x0000000008000abc                __aeabi_dcmpge
                0x0000000008000ad0                __aeabi_dcmpgt
 .text          0x0000000008000ae4       0x2c c:/st/stm32cubeide_1.8.0/stm32cubeide/plugins/com.st.stm32cube.ide.mcu.externaltools.gnu-tools-for-stm32.9-2020-q2-update.win32_2.0.0.202105311346/tools/bin/../lib/gcc/arm-none-eabi/9.3.1/thumb/v7-m/nofp\libgcc.a(_arm_unorddf2.o)
                0x0000000008000ae4                __unorddf2
                0x0000000008000ae4                __aeabi_dcmpun
 .text          0x0000000008000b10       0x50 c:/st/stm32cubeide_1.8.0/stm32cubeide/plugins/com.st.stm32cube.ide.mcu.externaltools.gnu-tools-for-stm32.9-2020-q2-update.win32_2.0.0.202105311346/tools/bin/../lib/gcc/arm-none-eabi/9.3.1/thumb/v7-m/nofp\libgcc.a(_arm_fixdfsi.o)
                0x0000000008000b10                __aeabi_d2iz
                0x0000000008000b10                __fixdfsi
 .text          0x0000000008000b60       0x40 c:/st/stm32cubeide_1.8.0/stm32cubeide/plugins/com.st.stm32cube.ide.mcu.externaltools.gnu-tools-for-stm32.9-2020-q2-update.win32_2.0.0.202105311346/tools/bin/../lib/gcc/arm-none-eabi/9.3.1/thumb/v7-m/nofp\libgcc.a(_arm_fixunsdfsi.o)
                0x0000000008000b60                __aeabi_d2uiz
                0x0000000008000b60                __fixunsdfsi
 .text          0x0000000008000ba0       0xa0 c:/st/stm32cubeide_1.8.0/stm32cubeide/plugins/com.st.stm32cube.ide.mcu.externaltools.gnu-tools-for-stm32.9-2020-q2-update.win32_2.0.0.202105311346/tools/bin/../lib/gcc/arm-none-eabi/9.3.1/thumb/v7-m/nofp\libgcc.a(_arm_truncdfsf2.o)
                0x0000000008000ba0                __truncdfsf2
                0x0000000008000ba0                __aeabi_d2f
 .text          0x0000000008000c40      0x21c c:/st/stm32cubeide_1.8.0/stm32cubeide/plugins/com.st.stm32cube.ide.mcu.externaltools.gnu-tools-for-stm32.9-2020-q2-update.win32_2.0.0.202105311346/tools/bin/../lib/gcc/arm-none-eabi/9.3.1/thumb/v7-m/nofp\libgcc.a(_arm_addsubsf3.o)
                0x0000000008000c40                __aeabi_frsub
                0x0000000008000c48                __subsf3
                0x0000000008000c48                __aeabi_fsub
                0x0000000008000c4c                __aeabi_fadd
                0x0000000008000c4c                __addsf3
                0x0000000008000dac                __aeabi_ui2f
                0x0000000008000dac                __floatunsisf
                0x0000000008000db4                __aeabi_i2f
                0x0000000008000db4                __floatsisf
                0x0000000008000dd0                __aeabi_ul2f
                0x0000000008000dd0                __floatundisf
                0x0000000008000de0                __aeabi_l2f
                0x0000000008000de0                __floatdisf
 .text          0x0000000008000e5c       0x30 c:/st/stm32cubeide_1.8.0/stm32cubeide/plugins/com.st.stm32cube.ide.mcu.externaltools.gnu-tools-for-stm32.9-2020-q2-update.win32_2.0.0.202105311346/tools/bin/../lib/gcc/arm-none-eabi/9.3.1/thumb/v7-m/nofp\libgcc.a(_aeabi_uldivmod.o)
                0x0000000008000e5c                __aeabi_uldivmod
 .text          0x0000000008000e8c       0x34 c:/st/stm32cubeide_1.8.0/stm32cubeide/plugins/com.st.stm32cube.ide.mcu.externaltools.gnu-tools-for-stm32.9-2020-q2-update.win32_2.0.0.202105311346/tools/bin/../lib/gcc/arm-none-eabi/9.3.1/thumb/v7-m/nofp\libgcc.a(_fixdfdi.o)
                0x0000000008000e8c                __fixdfdi
                0x0000000008000e8c                __aeabi_d2lz
 .text          0x0000000008000ec0       0x3c c:/st/stm32cubeide_1.8.0/stm32cubeide/plugins/com.st.stm32cube.ide.mcu.externaltools.gnu-tools-for-stm32.9-2020-q2-update.win32_2.0.0.202105311346/tools/bin/../lib/gcc/arm-none-eabi/9.3.1/thumb/v7-m/nofp\libgcc.a(_fixunsdfdi.o)
                0x0000000008000ec0                __fixunsdfdi
                0x0000000008000ec0                __aeabi_d2ulz
 .text          0x0000000008000efc      0x2c4 c:/st/stm32cubeide_1.8.0/stm32cubeide/plugins/com.st.stm32cube.ide.mcu.externaltools.gnu-tools-for-stm32.9-2020-q2-update.win32_2.0.0.202105311346/tools/bin/../lib/gcc/arm-none-eabi/9.3.1/thumb/v7-m/nofp\libgcc.a(_udivmoddi4.o)
                0x0000000008000efc                __udivmoddi4
 .text          0x00000000080011c0        0x4 c:/st/stm32cubeide_1.8.0/stm32cubeide/plugins/com.st.stm32cube.ide.mcu.externaltools.gnu-tools-for-stm32.9-2020-q2-update.win32_2.0.0.202105311346/tools/bin/../lib/gcc/arm-none-eabi/9.3.1/thumb/v7-m/nofp\libgcc.a(_dvmd_tls.o)
                0x00000000080011c0                __aeabi_idiv0
                0x00000000080011c0                __aeabi_ldiv0
 *(.text*)
 .text.Reset_Handler
                0x00000000080011c4       0x48 ./iBQR/Libraries/CMSIS/CM3/DeviceSupport/ST/STM32F10x/startup/startup_stm32f10x_cl.o
                0x00000000080011c4                Reset_Handler
 .text.Default_Handler
                0x000000000800120c        0x2 ./iBQR/Libraries/CMSIS/CM3/DeviceSupport/ST/STM32F10x/startup/startup_stm32f10x_cl.o
                0x000000000800120c                EXTI2_IRQHandler
                0x000000000800120c                TIM1_CC_IRQHandler
                0x000000000800120c                TIM6_IRQHandler
                0x000000000800120c                PVD_IRQHandler
                0x000000000800120c                CAN2_RX1_IRQHandler
                0x000000000800120c                I2C2_EV_IRQHandler
                0x000000000800120c                CAN1_RX0_IRQHandler
                0x000000000800120c                CAN2_SCE_IRQHandler
                0x000000000800120c                ADC1_2_IRQHandler
                0x000000000800120c                SPI1_IRQHandler
                0x000000000800120c                TAMPER_IRQHandler
                0x000000000800120c                CAN2_RX0_IRQHandler
                0x000000000800120c                DMA2_Channel2_IRQHandler
                0x000000000800120c                DMA1_Channel4_IRQHandler
                0x000000000800120c                USART3_IRQHandler
                0x000000000800120c                DMA1_Channel7_IRQHandler
                0x000000000800120c                CAN1_RX1_IRQHandler
                0x000000000800120c                UART5_IRQHandler
                0x000000000800120c                TIM4_IRQHandler
                0x000000000800120c                DMA2_Channel1_IRQHandler
                0x000000000800120c                I2C1_EV_IRQHandler
                0x000000000800120c                DMA1_Channel6_IRQHandler
                0x000000000800120c                UART4_IRQHandler
                0x000000000800120c                DMA2_Channel4_IRQHandler
                0x000000000800120c                TIM3_IRQHandler
                0x000000000800120c                RCC_IRQHandler
                0x000000000800120c                TIM1_TRG_COM_IRQHandler
                0x000000000800120c                DMA1_Channel1_IRQHandler
                0x000000000800120c                Default_Handler
                0x000000000800120c                TIM7_IRQHandler
                0x000000000800120c                CAN2_TX_IRQHandler
                0x000000000800120c                TIM5_IRQHandler
                0x000000000800120c                ETH_WKUP_IRQHandler
                0x000000000800120c                SPI2_IRQHandler
                0x000000000800120c                CAN1_TX_IRQHandler
                0x000000000800120c                DMA2_Channel5_IRQHandler
                0x000000000800120c                DMA1_Channel5_IRQHandler
                0x000000000800120c                EXTI4_IRQHandler
                0x000000000800120c                DMA1_Channel3_IRQHandler
                0x000000000800120c                ETH_IRQHandler
                0x000000000800120c                TIM1_UP_IRQHandler
                0x000000000800120c                WWDG_IRQHandler
                0x000000000800120c                TIM2_IRQHandler
                0x000000000800120c                TIM1_BRK_IRQHandler
                0x000000000800120c                EXTI1_IRQHandler
                0x000000000800120c                RTCAlarm_IRQHandler
                0x000000000800120c                USART2_IRQHandler
                0x000000000800120c                I2C2_ER_IRQHandler
                0x000000000800120c                DMA1_Channel2_IRQHandler
                0x000000000800120c                CAN1_SCE_IRQHandler
                0x000000000800120c                FLASH_IRQHandler
                0x000000000800120c                USART1_IRQHandler
                0x000000000800120c                SPI3_IRQHandler
                0x000000000800120c                I2C1_ER_IRQHandler
                0x000000000800120c                DMA2_Channel3_IRQHandler
 *fill*         0x000000000800120e        0x2 
 .text.SystemInit
                0x0000000008001210       0x7c ./iBQR/Libraries/CMSIS/CM3/DeviceSupport/ST/STM32F10x/system_stm32f10x.o
                0x0000000008001210                SystemInit
 .text.SetSysClock
                0x000000000800128c        0xc ./iBQR/Libraries/CMSIS/CM3/DeviceSupport/ST/STM32F10x/system_stm32f10x.o
 .text.SetSysClockTo72
                0x0000000008001298      0x138 ./iBQR/Libraries/CMSIS/CM3/DeviceSupport/ST/STM32F10x/system_stm32f10x.o
 .text.NVIC_PriorityGroupConfig
                0x00000000080013d0       0x24 ./iBQR/Libraries/STM32F10x_StdPeriph_Driver/src/misc.o
                0x00000000080013d0                NVIC_PriorityGroupConfig
 .text.NVIC_Init
                0x00000000080013f4       0xc4 ./iBQR/Libraries/STM32F10x_StdPeriph_Driver/src/misc.o
                0x00000000080013f4                NVIC_Init
 .text.EXTI_Init
                0x00000000080014b8       0xe4 ./iBQR/Libraries/STM32F10x_StdPeriph_Driver/src/stm32f10x_exti.o
                0x00000000080014b8                EXTI_Init
 .text.EXTI_ClearITPendingBit
                0x000000000800159c       0x1c ./iBQR/Libraries/STM32F10x_StdPeriph_Driver/src/stm32f10x_exti.o
                0x000000000800159c                EXTI_ClearITPendingBit
 .text.FLASH_SetLatency
                0x00000000080015b8       0x38 ./iBQR/Libraries/STM32F10x_StdPeriph_Driver/src/stm32f10x_flash.o
                0x00000000080015b8                FLASH_SetLatency
 .text.FLASH_PrefetchBufferCmd
                0x00000000080015f0       0x30 ./iBQR/Libraries/STM32F10x_StdPeriph_Driver/src/stm32f10x_flash.o
                0x00000000080015f0                FLASH_PrefetchBufferCmd
 .text.GPIO_Init
                0x0000000008001620      0x178 ./iBQR/Libraries/STM32F10x_StdPeriph_Driver/src/stm32f10x_gpio.o
                0x0000000008001620                GPIO_Init
 .text.GPIO_ReadInputDataBit
                0x0000000008001798       0x32 ./iBQR/Libraries/STM32F10x_StdPeriph_Driver/src/stm32f10x_gpio.o
                0x0000000008001798                GPIO_ReadInputDataBit
 .text.GPIO_SetBits
                0x00000000080017ca       0x1c ./iBQR/Libraries/STM32F10x_StdPeriph_Driver/src/stm32f10x_gpio.o
                0x00000000080017ca                GPIO_SetBits
 .text.GPIO_ResetBits
                0x00000000080017e6       0x1c ./iBQR/Libraries/STM32F10x_StdPeriph_Driver/src/stm32f10x_gpio.o
                0x00000000080017e6                GPIO_ResetBits
 *fill*         0x0000000008001802        0x2 
 .text.GPIO_PinRemapConfig
                0x0000000008001804       0xe0 ./iBQR/Libraries/STM32F10x_StdPeriph_Driver/src/stm32f10x_gpio.o
                0x0000000008001804                GPIO_PinRemapConfig
 .text.GPIO_EXTILineConfig
                0x00000000080018e4       0x80 ./iBQR/Libraries/STM32F10x_StdPeriph_Driver/src/stm32f10x_gpio.o
                0x00000000080018e4                GPIO_EXTILineConfig
 .text.RCC_DeInit
                0x0000000008001964       0x70 ./iBQR/Libraries/STM32F10x_StdPeriph_Driver/src/stm32f10x_rcc.o
                0x0000000008001964                RCC_DeInit
 .text.RCC_HSEConfig
                0x00000000080019d4       0x5c ./iBQR/Libraries/STM32F10x_StdPeriph_Driver/src/stm32f10x_rcc.o
                0x00000000080019d4                RCC_HSEConfig
 .text.RCC_WaitForHSEStartUp
                0x0000000008001a30       0x50 ./iBQR/Libraries/STM32F10x_StdPeriph_Driver/src/stm32f10x_rcc.o
                0x0000000008001a30                RCC_WaitForHSEStartUp
 .text.RCC_PLLConfig
                0x0000000008001a80       0x3c ./iBQR/Libraries/STM32F10x_StdPeriph_Driver/src/stm32f10x_rcc.o
                0x0000000008001a80                RCC_PLLConfig
 .text.RCC_PLLCmd
                0x0000000008001abc       0x20 ./iBQR/Libraries/STM32F10x_StdPeriph_Driver/src/stm32f10x_rcc.o
                0x0000000008001abc                RCC_PLLCmd
 .text.RCC_PREDIV1Config
                0x0000000008001adc       0x40 ./iBQR/Libraries/STM32F10x_StdPeriph_Driver/src/stm32f10x_rcc.o
                0x0000000008001adc                RCC_PREDIV1Config
 .text.RCC_PREDIV2Config
                0x0000000008001b1c       0x38 ./iBQR/Libraries/STM32F10x_StdPeriph_Driver/src/stm32f10x_rcc.o
                0x0000000008001b1c                RCC_PREDIV2Config
 .text.RCC_PLL2Config
                0x0000000008001b54       0x38 ./iBQR/Libraries/STM32F10x_StdPeriph_Driver/src/stm32f10x_rcc.o
                0x0000000008001b54                RCC_PLL2Config
 .text.RCC_PLL2Cmd
                0x0000000008001b8c       0x20 ./iBQR/Libraries/STM32F10x_StdPeriph_Driver/src/stm32f10x_rcc.o
                0x0000000008001b8c                RCC_PLL2Cmd
 .text.RCC_SYSCLKConfig
                0x0000000008001bac       0x38 ./iBQR/Libraries/STM32F10x_StdPeriph_Driver/src/stm32f10x_rcc.o
                0x0000000008001bac                RCC_SYSCLKConfig
 .text.RCC_GetSYSCLKSource
                0x0000000008001be4       0x1c ./iBQR/Libraries/STM32F10x_StdPeriph_Driver/src/stm32f10x_rcc.o
                0x0000000008001be4                RCC_GetSYSCLKSource
 .text.RCC_HCLKConfig
                0x0000000008001c00       0x38 ./iBQR/Libraries/STM32F10x_StdPeriph_Driver/src/stm32f10x_rcc.o
                0x0000000008001c00                RCC_HCLKConfig
 .text.RCC_PCLK1Config
                0x0000000008001c38       0x38 ./iBQR/Libraries/STM32F10x_StdPeriph_Driver/src/stm32f10x_rcc.o
                0x0000000008001c38                RCC_PCLK1Config
 .text.RCC_PCLK2Config
                0x0000000008001c70       0x38 ./iBQR/Libraries/STM32F10x_StdPeriph_Driver/src/stm32f10x_rcc.o
                0x0000000008001c70                RCC_PCLK2Config
 .text.RCC_ADCCLKConfig
                0x0000000008001ca8       0x38 ./iBQR/Libraries/STM32F10x_StdPeriph_Driver/src/stm32f10x_rcc.o
                0x0000000008001ca8                RCC_ADCCLKConfig
 .text.RCC_GetClocksFreq
                0x0000000008001ce0      0x1d4 ./iBQR/Libraries/STM32F10x_StdPeriph_Driver/src/stm32f10x_rcc.o
                0x0000000008001ce0                RCC_GetClocksFreq
 .text.RCC_AHBPeriphClockCmd
                0x0000000008001eb4       0x3c ./iBQR/Libraries/STM32F10x_StdPeriph_Driver/src/stm32f10x_rcc.o
                0x0000000008001eb4                RCC_AHBPeriphClockCmd
 .text.RCC_APB2PeriphClockCmd
                0x0000000008001ef0       0x3c ./iBQR/Libraries/STM32F10x_StdPeriph_Driver/src/stm32f10x_rcc.o
                0x0000000008001ef0                RCC_APB2PeriphClockCmd
 .text.RCC_APB1PeriphClockCmd
                0x0000000008001f2c       0x3c ./iBQR/Libraries/STM32F10x_StdPeriph_Driver/src/stm32f10x_rcc.o
                0x0000000008001f2c                RCC_APB1PeriphClockCmd
 .text.RCC_APB2PeriphResetCmd
                0x0000000008001f68       0x3c ./iBQR/Libraries/STM32F10x_StdPeriph_Driver/src/stm32f10x_rcc.o
                0x0000000008001f68                RCC_APB2PeriphResetCmd
 .text.RCC_APB1PeriphResetCmd
                0x0000000008001fa4       0x3c ./iBQR/Libraries/STM32F10x_StdPeriph_Driver/src/stm32f10x_rcc.o
                0x0000000008001fa4                RCC_APB1PeriphResetCmd
 .text.RCC_GetFlagStatus
                0x0000000008001fe0       0x74 ./iBQR/Libraries/STM32F10x_StdPeriph_Driver/src/stm32f10x_rcc.o
                0x0000000008001fe0                RCC_GetFlagStatus
 .text.RTC_WaitForLastTask
                0x0000000008002054       0x24 ./iBQR/Libraries/STM32F10x_StdPeriph_Driver/src/stm32f10x_rtc.o
                0x0000000008002054                RTC_WaitForLastTask
 .text.RTC_GetITStatus
                0x0000000008002078       0x50 ./iBQR/Libraries/STM32F10x_StdPeriph_Driver/src/stm32f10x_rtc.o
                0x0000000008002078                RTC_GetITStatus
 .text.RTC_ClearITPendingBit
                0x00000000080020c8       0x2c ./iBQR/Libraries/STM32F10x_StdPeriph_Driver/src/stm32f10x_rtc.o
                0x00000000080020c8                RTC_ClearITPendingBit
 .text.SPI_I2S_DeInit
                0x00000000080020f4       0x74 ./iBQR/Libraries/STM32F10x_StdPeriph_Driver/src/stm32f10x_spi.o
                0x00000000080020f4                SPI_I2S_DeInit
 .text.SPI_Init
                0x0000000008002168       0x86 ./iBQR/Libraries/STM32F10x_StdPeriph_Driver/src/stm32f10x_spi.o
                0x0000000008002168                SPI_Init
 .text.SPI_Cmd  0x00000000080021ee       0x3e ./iBQR/Libraries/STM32F10x_StdPeriph_Driver/src/stm32f10x_spi.o
                0x00000000080021ee                SPI_Cmd
 .text.SPI_I2S_SendData
                0x000000000800222c       0x1c ./iBQR/Libraries/STM32F10x_StdPeriph_Driver/src/stm32f10x_spi.o
                0x000000000800222c                SPI_I2S_SendData
 .text.SPI_I2S_ReceiveData
                0x0000000008002248       0x18 ./iBQR/Libraries/STM32F10x_StdPeriph_Driver/src/stm32f10x_spi.o
                0x0000000008002248                SPI_I2S_ReceiveData
 .text.SPI_SSOutputCmd
                0x0000000008002260       0x3e ./iBQR/Libraries/STM32F10x_StdPeriph_Driver/src/stm32f10x_spi.o
                0x0000000008002260                SPI_SSOutputCmd
 .text.SPI_I2S_GetFlagStatus
                0x000000000800229e       0x36 ./iBQR/Libraries/STM32F10x_StdPeriph_Driver/src/stm32f10x_spi.o
                0x000000000800229e                SPI_I2S_GetFlagStatus
 .text.usbd_cdc_Init
                0x00000000080022d4       0x6c ./iBQR/Libraries/STM32_USB_Device_Library/Class/cdc/src/usbd_cdc_core.o
 .text.usbd_cdc_DeInit
                0x0000000008002340       0x38 ./iBQR/Libraries/STM32_USB_Device_Library/Class/cdc/src/usbd_cdc_core.o
 .text.usbd_cdc_Setup
                0x0000000008002378      0x130 ./iBQR/Libraries/STM32_USB_Device_Library/Class/cdc/src/usbd_cdc_core.o
 .text.usbd_cdc_EP0_RxReady
                0x00000000080024a8       0x40 ./iBQR/Libraries/STM32_USB_Device_Library/Class/cdc/src/usbd_cdc_core.o
 .text.usbd_cdc_DataIn
                0x00000000080024e8       0xa8 ./iBQR/Libraries/STM32_USB_Device_Library/Class/cdc/src/usbd_cdc_core.o
 .text.usbd_cdc_DataOut
                0x0000000008002590       0x4c ./iBQR/Libraries/STM32_USB_Device_Library/Class/cdc/src/usbd_cdc_core.o
 .text.usbd_cdc_SOF
                0x00000000080025dc       0x30 ./iBQR/Libraries/STM32_USB_Device_Library/Class/cdc/src/usbd_cdc_core.o
 .text.Handle_USBAsynchXfer
                0x000000000800260c       0xe0 ./iBQR/Libraries/STM32_USB_Device_Library/Class/cdc/src/usbd_cdc_core.o
 .text.USBD_cdc_GetCfgDesc
                0x00000000080026ec       0x24 ./iBQR/Libraries/STM32_USB_Device_Library/Class/cdc/src/usbd_cdc_core.o
 .text.USBD_Init
                0x0000000008002710       0x8e ./iBQR/Libraries/STM32_USB_Device_Library/Core/src/usbd_core.o
                0x0000000008002710                USBD_Init
 .text.USBD_DeInit
                0x000000000800279e       0x14 ./iBQR/Libraries/STM32_USB_Device_Library/Core/src/usbd_core.o
                0x000000000800279e                USBD_DeInit
 .text.USBD_SetupStage
                0x00000000080027b2       0x72 ./iBQR/Libraries/STM32_USB_Device_Library/Core/src/usbd_core.o
 .text.USBD_DataOutStage
                0x0000000008002824       0xcc ./iBQR/Libraries/STM32_USB_Device_Library/Core/src/usbd_core.o
 .text.USBD_DataInStage
                0x00000000080028f0      0x11a ./iBQR/Libraries/STM32_USB_Device_Library/Core/src/usbd_core.o
 *fill*         0x0000000008002a0a        0x2 
 .text.USBD_RunTestMode
                0x0000000008002a0c       0x24 ./iBQR/Libraries/STM32_USB_Device_Library/Core/src/usbd_core.o
 .text.USBD_Reset
                0x0000000008002a30       0x42 ./iBQR/Libraries/STM32_USB_Device_Library/Core/src/usbd_core.o
 .text.USBD_Resume
                0x0000000008002a72       0x30 ./iBQR/Libraries/STM32_USB_Device_Library/Core/src/usbd_core.o
 .text.USBD_Suspend
                0x0000000008002aa2       0x30 ./iBQR/Libraries/STM32_USB_Device_Library/Core/src/usbd_core.o
 .text.USBD_SOF
                0x0000000008002ad2       0x2a ./iBQR/Libraries/STM32_USB_Device_Library/Core/src/usbd_core.o
 .text.USBD_SetCfg
                0x0000000008002afc       0x30 ./iBQR/Libraries/STM32_USB_Device_Library/Core/src/usbd_core.o
                0x0000000008002afc                USBD_SetCfg
 .text.USBD_ClrCfg
                0x0000000008002b2c       0x26 ./iBQR/Libraries/STM32_USB_Device_Library/Core/src/usbd_core.o
                0x0000000008002b2c                USBD_ClrCfg
 .text.USBD_IsoINIncomplete
                0x0000000008002b52       0x1e ./iBQR/Libraries/STM32_USB_Device_Library/Core/src/usbd_core.o
 .text.USBD_IsoOUTIncomplete
                0x0000000008002b70       0x1e ./iBQR/Libraries/STM32_USB_Device_Library/Core/src/usbd_core.o
 .text.USBD_DevConnected
                0x0000000008002b8e       0x24 ./iBQR/Libraries/STM32_USB_Device_Library/Core/src/usbd_core.o
 .text.USBD_DevDisconnected
                0x0000000008002bb2       0x32 ./iBQR/Libraries/STM32_USB_Device_Library/Core/src/usbd_core.o
 .text.USBD_CtlSendData
                0x0000000008002be4       0x40 ./iBQR/Libraries/STM32_USB_Device_Library/Core/src/usbd_ioreq.o
                0x0000000008002be4                USBD_CtlSendData
 .text.USBD_CtlContinueSendData
                0x0000000008002c24       0x28 ./iBQR/Libraries/STM32_USB_Device_Library/Core/src/usbd_ioreq.o
                0x0000000008002c24                USBD_CtlContinueSendData
 .text.USBD_CtlPrepareRx
                0x0000000008002c4c       0x40 ./iBQR/Libraries/STM32_USB_Device_Library/Core/src/usbd_ioreq.o
                0x0000000008002c4c                USBD_CtlPrepareRx
 .text.USBD_CtlContinueRx
                0x0000000008002c8c       0x28 ./iBQR/Libraries/STM32_USB_Device_Library/Core/src/usbd_ioreq.o
                0x0000000008002c8c                USBD_CtlContinueRx
 .text.USBD_CtlSendStatus
                0x0000000008002cb4       0x30 ./iBQR/Libraries/STM32_USB_Device_Library/Core/src/usbd_ioreq.o
                0x0000000008002cb4                USBD_CtlSendStatus
 .text.USBD_CtlReceiveStatus
                0x0000000008002ce4       0x30 ./iBQR/Libraries/STM32_USB_Device_Library/Core/src/usbd_ioreq.o
                0x0000000008002ce4                USBD_CtlReceiveStatus
 .text.USBD_StdDevReq
                0x0000000008002d14       0xa0 ./iBQR/Libraries/STM32_USB_Device_Library/Core/src/usbd_req.o
                0x0000000008002d14                USBD_StdDevReq
 .text.USBD_StdItfReq
                0x0000000008002db4       0x66 ./iBQR/Libraries/STM32_USB_Device_Library/Core/src/usbd_req.o
                0x0000000008002db4                USBD_StdItfReq
 *fill*         0x0000000008002e1a        0x2 
 .text.USBD_StdEPReq
                0x0000000008002e1c      0x1b8 ./iBQR/Libraries/STM32_USB_Device_Library/Core/src/usbd_req.o
                0x0000000008002e1c                USBD_StdEPReq
 .text.USBD_GetDescriptor
                0x0000000008002fd4      0x1a8 ./iBQR/Libraries/STM32_USB_Device_Library/Core/src/usbd_req.o
 .text.USBD_SetAddress
                0x000000000800317c       0x7e ./iBQR/Libraries/STM32_USB_Device_Library/Core/src/usbd_req.o
 *fill*         0x00000000080031fa        0x2 
 .text.USBD_SetConfig
                0x00000000080031fc       0xf4 ./iBQR/Libraries/STM32_USB_Device_Library/Core/src/usbd_req.o
 .text.USBD_GetConfig
                0x00000000080032f0       0x60 ./iBQR/Libraries/STM32_USB_Device_Library/Core/src/usbd_req.o
 .text.USBD_GetStatus
                0x0000000008003350       0x54 ./iBQR/Libraries/STM32_USB_Device_Library/Core/src/usbd_req.o
 .text.USBD_SetFeature
                0x00000000080033a4       0xd8 ./iBQR/Libraries/STM32_USB_Device_Library/Core/src/usbd_req.o
 .text.USBD_ClrFeature
                0x000000000800347c       0x50 ./iBQR/Libraries/STM32_USB_Device_Library/Core/src/usbd_req.o
 .text.USBD_ParseSetupRequest
                0x00000000080034cc       0x90 ./iBQR/Libraries/STM32_USB_Device_Library/Core/src/usbd_req.o
                0x00000000080034cc                USBD_ParseSetupRequest
 .text.USBD_CtlError
                0x000000000800355c       0x28 ./iBQR/Libraries/STM32_USB_Device_Library/Core/src/usbd_req.o
                0x000000000800355c                USBD_CtlError
 .text.USBD_GetString
                0x0000000008003584       0x86 ./iBQR/Libraries/STM32_USB_Device_Library/Core/src/usbd_req.o
                0x0000000008003584                USBD_GetString
 .text.USBD_GetLen
                0x000000000800360a       0x2e ./iBQR/Libraries/STM32_USB_Device_Library/Core/src/usbd_req.o
 .text.USB_OTG_EnableCommonInt
                0x0000000008003638       0x42 ./iBQR/Libraries/STM32_USB_OTG_Driver/src/usb_core.o
 *fill*         0x000000000800367a        0x2 
 .text.USB_OTG_CoreReset
                0x000000000800367c       0x90 ./iBQR/Libraries/STM32_USB_OTG_Driver/src/usb_core.o
 .text.USB_OTG_WritePacket
                0x000000000800370c       0x74 ./iBQR/Libraries/STM32_USB_OTG_Driver/src/usb_core.o
                0x000000000800370c                USB_OTG_WritePacket
 .text.USB_OTG_ReadPacket
                0x0000000008003780       0x56 ./iBQR/Libraries/STM32_USB_OTG_Driver/src/usb_core.o
                0x0000000008003780                USB_OTG_ReadPacket
 *fill*         0x00000000080037d6        0x2 
 .text.USB_OTG_SelectCore
                0x00000000080037d8      0x174 ./iBQR/Libraries/STM32_USB_OTG_Driver/src/usb_core.o
                0x00000000080037d8                USB_OTG_SelectCore
 .text.USB_OTG_CoreInit
                0x000000000800394c      0x132 ./iBQR/Libraries/STM32_USB_OTG_Driver/src/usb_core.o
                0x000000000800394c                USB_OTG_CoreInit
 .text.USB_OTG_EnableGlobalInt
                0x0000000008003a7e       0x34 ./iBQR/Libraries/STM32_USB_OTG_Driver/src/usb_core.o
                0x0000000008003a7e                USB_OTG_EnableGlobalInt
 .text.USB_OTG_DisableGlobalInt
                0x0000000008003ab2       0x36 ./iBQR/Libraries/STM32_USB_OTG_Driver/src/usb_core.o
                0x0000000008003ab2                USB_OTG_DisableGlobalInt
 .text.USB_OTG_FlushTxFifo
                0x0000000008003ae8       0x70 ./iBQR/Libraries/STM32_USB_OTG_Driver/src/usb_core.o
                0x0000000008003ae8                USB_OTG_FlushTxFifo
 .text.USB_OTG_FlushRxFifo
                0x0000000008003b58       0x60 ./iBQR/Libraries/STM32_USB_OTG_Driver/src/usb_core.o
                0x0000000008003b58                USB_OTG_FlushRxFifo
 .text.USB_OTG_SetCurrentMode
                0x0000000008003bb8       0x5e ./iBQR/Libraries/STM32_USB_OTG_Driver/src/usb_core.o
                0x0000000008003bb8                USB_OTG_SetCurrentMode
 .text.USB_OTG_GetMode
                0x0000000008003c16       0x1c ./iBQR/Libraries/STM32_USB_OTG_Driver/src/usb_core.o
                0x0000000008003c16                USB_OTG_GetMode
 .text.USB_OTG_IsDeviceMode
                0x0000000008003c32       0x22 ./iBQR/Libraries/STM32_USB_OTG_Driver/src/usb_core.o
                0x0000000008003c32                USB_OTG_IsDeviceMode
 .text.USB_OTG_ReadCoreItr
                0x0000000008003c54       0x2c ./iBQR/Libraries/STM32_USB_OTG_Driver/src/usb_core.o
                0x0000000008003c54                USB_OTG_ReadCoreItr
 .text.USB_OTG_InitDevSpeed
                0x0000000008003c80       0x36 ./iBQR/Libraries/STM32_USB_OTG_Driver/src/usb_core.o
                0x0000000008003c80                USB_OTG_InitDevSpeed
 .text.USB_OTG_CoreInitDev
                0x0000000008003cb6      0x264 ./iBQR/Libraries/STM32_USB_OTG_Driver/src/usb_core.o
                0x0000000008003cb6                USB_OTG_CoreInitDev
 .text.USB_OTG_EnableDevInt
                0x0000000008003f1a       0xaa ./iBQR/Libraries/STM32_USB_OTG_Driver/src/usb_core.o
                0x0000000008003f1a                USB_OTG_EnableDevInt
 .text.USB_OTG_GetDeviceSpeed
                0x0000000008003fc4       0x4a ./iBQR/Libraries/STM32_USB_OTG_Driver/src/usb_core.o
                0x0000000008003fc4                USB_OTG_GetDeviceSpeed
 .text.USB_OTG_EP0Activate
                0x000000000800400e       0x76 ./iBQR/Libraries/STM32_USB_OTG_Driver/src/usb_core.o
                0x000000000800400e                USB_OTG_EP0Activate
 .text.USB_OTG_EPActivate
                0x0000000008004084       0xd6 ./iBQR/Libraries/STM32_USB_OTG_Driver/src/usb_core.o
                0x0000000008004084                USB_OTG_EPActivate
 .text.USB_OTG_EPDeactivate
                0x000000000800415a       0x88 ./iBQR/Libraries/STM32_USB_OTG_Driver/src/usb_core.o
                0x000000000800415a                USB_OTG_EPDeactivate
 .text.USB_OTG_EPStartXfer
                0x00000000080041e2      0x282 ./iBQR/Libraries/STM32_USB_OTG_Driver/src/usb_core.o
                0x00000000080041e2                USB_OTG_EPStartXfer
 .text.USB_OTG_EP0StartXfer
                0x0000000008004464      0x1ca ./iBQR/Libraries/STM32_USB_OTG_Driver/src/usb_core.o
                0x0000000008004464                USB_OTG_EP0StartXfer
 .text.USB_OTG_EPSetStall
                0x000000000800462e       0x84 ./iBQR/Libraries/STM32_USB_OTG_Driver/src/usb_core.o
                0x000000000800462e                USB_OTG_EPSetStall
 .text.USB_OTG_EPClearStall
                0x00000000080046b2       0x74 ./iBQR/Libraries/STM32_USB_OTG_Driver/src/usb_core.o
                0x00000000080046b2                USB_OTG_EPClearStall
 .text.USB_OTG_ReadDevAllOutEp_itr
                0x0000000008004726       0x2a ./iBQR/Libraries/STM32_USB_OTG_Driver/src/usb_core.o
                0x0000000008004726                USB_OTG_ReadDevAllOutEp_itr
 .text.USB_OTG_ReadDevOutEP_itr
                0x0000000008004750       0x34 ./iBQR/Libraries/STM32_USB_OTG_Driver/src/usb_core.o
                0x0000000008004750                USB_OTG_ReadDevOutEP_itr
 .text.USB_OTG_ReadDevAllInEPItr
                0x0000000008004784       0x2a ./iBQR/Libraries/STM32_USB_OTG_Driver/src/usb_core.o
                0x0000000008004784                USB_OTG_ReadDevAllInEPItr
 .text.USB_OTG_EP0_OutStart
                0x00000000080047ae       0x70 ./iBQR/Libraries/STM32_USB_OTG_Driver/src/usb_core.o
                0x00000000080047ae                USB_OTG_EP0_OutStart
 .text.USB_OTG_UngateClock
                0x000000000800481e       0x52 ./iBQR/Libraries/STM32_USB_OTG_Driver/src/usb_core.o
                0x000000000800481e                USB_OTG_UngateClock
 .text.DCD_Init
                0x0000000008004870      0x106 ./iBQR/Libraries/STM32_USB_OTG_Driver/src/usb_dcd.o
                0x0000000008004870                DCD_Init
 .text.DCD_EP_Open
                0x0000000008004976       0xb0 ./iBQR/Libraries/STM32_USB_OTG_Driver/src/usb_dcd.o
                0x0000000008004976                DCD_EP_Open
 .text.DCD_EP_Close
                0x0000000008004a26       0x78 ./iBQR/Libraries/STM32_USB_OTG_Driver/src/usb_dcd.o
                0x0000000008004a26                DCD_EP_Close
 .text.DCD_EP_PrepareRx
                0x0000000008004a9e       0x84 ./iBQR/Libraries/STM32_USB_OTG_Driver/src/usb_dcd.o
                0x0000000008004a9e                DCD_EP_PrepareRx
 .text.DCD_EP_Tx
                0x0000000008004b22       0x78 ./iBQR/Libraries/STM32_USB_OTG_Driver/src/usb_dcd.o
                0x0000000008004b22                DCD_EP_Tx
 .text.DCD_EP_Stall
                0x0000000008004b9a       0x7a ./iBQR/Libraries/STM32_USB_OTG_Driver/src/usb_dcd.o
                0x0000000008004b9a                DCD_EP_Stall
 .text.DCD_EP_ClrStall
                0x0000000008004c14       0x7a ./iBQR/Libraries/STM32_USB_OTG_Driver/src/usb_dcd.o
                0x0000000008004c14                DCD_EP_ClrStall
 .text.DCD_EP_Flush
                0x0000000008004c8e       0x34 ./iBQR/Libraries/STM32_USB_OTG_Driver/src/usb_dcd.o
                0x0000000008004c8e                DCD_EP_Flush
 .text.DCD_EP_SetAddress
                0x0000000008004cc2       0x3a ./iBQR/Libraries/STM32_USB_OTG_Driver/src/usb_dcd.o
                0x0000000008004cc2                DCD_EP_SetAddress
 .text.USBD_OTG_ISR_Handler
                0x0000000008004cfc      0x190 ./iBQR/Libraries/STM32_USB_OTG_Driver/src/usb_dcd_int.o
                0x0000000008004cfc                USBD_OTG_ISR_Handler
 .text.DCD_SessionRequest_ISR
                0x0000000008004e8c       0x34 ./iBQR/Libraries/STM32_USB_OTG_Driver/src/usb_dcd_int.o
 .text.DCD_OTG_ISR
                0x0000000008004ec0       0x3c ./iBQR/Libraries/STM32_USB_OTG_Driver/src/usb_dcd_int.o
 .text.DCD_HandleResume_ISR
                0x0000000008004efc       0x80 ./iBQR/Libraries/STM32_USB_OTG_Driver/src/usb_dcd_int.o
 .text.DCD_HandleUSBSuspend_ISR
                0x0000000008004f7c       0xbc ./iBQR/Libraries/STM32_USB_OTG_Driver/src/usb_dcd_int.o
 .text.DCD_HandleInEP_ISR
                0x0000000008005038      0x19c ./iBQR/Libraries/STM32_USB_OTG_Driver/src/usb_dcd_int.o
 .text.DCD_HandleOutEP_ISR
                0x00000000080051d4      0x150 ./iBQR/Libraries/STM32_USB_OTG_Driver/src/usb_dcd_int.o
 .text.DCD_HandleSof_ISR
                0x0000000008005324       0x34 ./iBQR/Libraries/STM32_USB_OTG_Driver/src/usb_dcd_int.o
 .text.DCD_HandleRxStatusQueueLevel_ISR
                0x0000000008005358      0x104 ./iBQR/Libraries/STM32_USB_OTG_Driver/src/usb_dcd_int.o
 .text.DCD_WriteEmptyTxFifo
                0x000000000800545c      0x110 ./iBQR/Libraries/STM32_USB_OTG_Driver/src/usb_dcd_int.o
 .text.DCD_HandleUsbReset_ISR
                0x000000000800556c      0x120 ./iBQR/Libraries/STM32_USB_OTG_Driver/src/usb_dcd_int.o
 .text.DCD_HandleEnumDone_ISR
                0x000000000800568c       0x78 ./iBQR/Libraries/STM32_USB_OTG_Driver/src/usb_dcd_int.o
 .text.DCD_IsoINIncomplete_ISR
                0x0000000008005704       0x34 ./iBQR/Libraries/STM32_USB_OTG_Driver/src/usb_dcd_int.o
 .text.DCD_IsoOUTIncomplete_ISR
                0x0000000008005738       0x34 ./iBQR/Libraries/STM32_USB_OTG_Driver/src/usb_dcd_int.o
 .text.DCD_ReadDevInEP
                0x000000000800576c       0x4e ./iBQR/Libraries/STM32_USB_OTG_Driver/src/usb_dcd_int.o
 .text.main     0x00000000080057ba       0x16 ./iBQR/main.o
                0x00000000080057ba                main
 .text.inittestapplication
                0x00000000080057d0       0xf8 ./iBQR/src/application/dw_main.o
                0x00000000080057d0                inittestapplication
 .text.initLCD  0x00000000080058c8       0x64 ./iBQR/src/application/dw_main.o
                0x00000000080058c8                initLCD
 .text.setLCDline1
                0x000000000800592c       0x5c ./iBQR/src/application/dw_main.o
                0x000000000800592c                setLCDline1
 .text.configure_continuous_txspectrum_mode
                0x0000000008005988       0x98 ./iBQR/src/application/dw_main.o
                0x0000000008005988                configure_continuous_txspectrum_mode
 .text.dw_main  0x0000000008005a20      0xa5c ./iBQR/src/application/dw_main.o
                0x0000000008005a20                dw_main
 .text.instanceconfigframeheader
                0x000000000800647c      0x136 ./iBQR/src/application/instance.o
                0x000000000800647c                instanceconfigframeheader
 .text.instanceconfigmessages
                0x00000000080065b2      0x102 ./iBQR/src/application/instance.o
                0x00000000080065b2                instanceconfigmessages
 .text.instancerxon
                0x00000000080066b4       0x5a ./iBQR/src/application/instance.o
                0x00000000080066b4                instancerxon
 .text.instancesendpacket
                0x000000000800670e       0x4c ./iBQR/src/application/instance.o
                0x000000000800670e                instancesendpacket
 *fill*         0x000000000800675a        0x2 
 .text.testapprun
                0x000000000800675c     0x1c08 ./iBQR/src/application/instance.o
                0x000000000800675c                testapprun
 .text.instance_init_s
                0x0000000008008364       0x70 ./iBQR/src/application/instance.o
                0x0000000008008364                instance_init_s
 *fill*         0x00000000080083d4        0x4 
 .text.instance_init_timings
                0x00000000080083d8      0xd58 ./iBQR/src/application/instance.o
                0x00000000080083d8                instance_init_timings
 .text.instance_getmessageduration_us
                0x0000000008009130       0xc4 ./iBQR/src/application/instance.o
                0x0000000008009130                instance_getmessageduration_us
 .text.instance_get_addr
                0x00000000080091f4       0x14 ./iBQR/src/application/instance.o
                0x00000000080091f4                instance_get_addr
 .text.instance_get_uwbaddr
                0x0000000008009208       0x8a ./iBQR/src/application/instance.o
                0x0000000008009208                instance_get_uwbaddr
 .text.get_dt32
                0x0000000008009292       0x2c ./iBQR/src/application/instance.o
                0x0000000008009292                get_dt32
 .text.get_dt64
                0x00000000080092be       0x62 ./iBQR/src/application/instance.o
                0x00000000080092be                get_dt64
 .text.timestamp_add64
                0x0000000008009320       0x68 ./iBQR/src/application/instance.o
                0x0000000008009320                timestamp_add64
 .text.timestamp_subtract64
                0x0000000008009388       0x62 ./iBQR/src/application/instance.o
                0x0000000008009388                timestamp_subtract64
 *fill*         0x00000000080093ea        0x2 
 .text.instance_starttxtest
                0x00000000080093ec       0x50 ./iBQR/src/application/instance_calib.o
                0x00000000080093ec                instance_starttxtest
 .text.instance_get_local_structure_ptr
                0x000000000800943c       0x30 ./iBQR/src/application/instance_common.o
                0x000000000800943c                instance_get_local_structure_ptr
 .text.tdma_init_s
                0x000000000800946c       0x40 ./iBQR/src/application/instance_common.o
                0x000000000800946c                tdma_init_s
 .text.decarangingmode
                0x00000000080094ac       0x48 ./iBQR/src/application/instance_common.o
                0x00000000080094ac                decarangingmode
 *fill*         0x00000000080094f4        0x4 
 .text.convertmicrosectodevicetimeu
                0x00000000080094f8       0x60 ./iBQR/src/application/instance_common.o
                0x00000000080094f8                convertmicrosectodevicetimeu
 .text.convertdevicetimetosec
                0x0000000008009558       0x48 ./iBQR/src/application/instance_common.o
                0x0000000008009558                convertdevicetimetosec
 .text.getrangebias_rng
                0x00000000080095a0      0x72c ./iBQR/src/application/instance_common.o
                0x00000000080095a0                getrangebias_rng
 *fill*         0x0000000008009ccc        0x4 
 .text.getrangebias_rsl
                0x0000000008009cd0      0xb0c ./iBQR/src/application/instance_common.o
                0x0000000008009cd0                getrangebias_rsl
 *fill*         0x000000000800a7dc        0x4 
 .text.reportTOF
                0x000000000800a7e0      0x1d8 ./iBQR/src/application/instance_common.o
                0x000000000800a7e0                reportTOF
 .text.instgetuwblistindex
                0x000000000800a9b8       0xb4 ./iBQR/src/application/instance_common.o
                0x000000000800a9b8                instgetuwblistindex
 .text.instfindnumneighbors
                0x000000000800aa6c       0x58 ./iBQR/src/application/instance_common.o
                0x000000000800aa6c                instfindnumneighbors
 .text.instfindnumhidden
                0x000000000800aac4       0x58 ./iBQR/src/application/instance_common.o
                0x000000000800aac4                instfindnumhidden
 .text.instclearuwbList
                0x000000000800ab1c       0x8c ./iBQR/src/application/instance_common.o
                0x000000000800ab1c                instclearuwbList
 .text.instancenewrange
                0x000000000800aba8       0x30 ./iBQR/src/application/instance_common.o
                0x000000000800aba8                instancenewrange
 .text.instancenewrangeancadd
                0x000000000800abd8       0x20 ./iBQR/src/application/instance_common.o
                0x000000000800abd8                instancenewrangeancadd
 .text.instancenewrangetagadd
                0x000000000800abf8       0x20 ./iBQR/src/application/instance_common.o
                0x000000000800abf8                instancenewrangetagadd
 .text.instanceclearcounts
                0x000000000800ac18       0xb0 ./iBQR/src/application/instance_common.o
                0x000000000800ac18                instanceclearcounts
 .text.instance_init
                0x000000000800acc8      0x1d0 ./iBQR/src/application/instance_common.o
                0x000000000800acc8                instance_init
 .text.instancereaddeviceid
                0x000000000800ae98        0xe ./iBQR/src/application/instance_common.o
                0x000000000800ae98                instancereaddeviceid
 *fill*         0x000000000800aea6        0x2 
 .text.instance_config
                0x000000000800aea8      0x364 ./iBQR/src/application/instance_common.o
                0x000000000800aea8                instance_config
 .text.instance_get_idist
                0x000000000800b20c       0x34 ./iBQR/src/application/instance_common.o
                0x000000000800b20c                instance_get_idist
 .text.instance_get_idistrsl
                0x000000000800b240       0x34 ./iBQR/src/application/instance_common.o
                0x000000000800b240                instance_get_idistrsl
 .text.instance_get_idistraw
                0x000000000800b274       0x34 ./iBQR/src/application/instance_common.o
                0x000000000800b274                instance_get_idistraw
 .text.instance_get_irsl
                0x000000000800b2a8       0x34 ./iBQR/src/application/instance_common.o
                0x000000000800b2a8                instance_get_irsl
 .text.inst_processtxrxtimeout
                0x000000000800b2dc       0xc8 ./iBQR/src/application/instance_common.o
                0x000000000800b2dc                inst_processtxrxtimeout
 .text.instance_irqstuckcallback
                0x000000000800b3a4       0x78 ./iBQR/src/application/instance_common.o
                0x000000000800b3a4                instance_irqstuckcallback
 .text.instance_txcallback
                0x000000000800b41c      0x19c ./iBQR/src/application/instance_common.o
                0x000000000800b41c                instance_txcallback
 .text.instance_rxtimeoutcallback
                0x000000000800b5b8       0x72 ./iBQR/src/application/instance_common.o
                0x000000000800b5b8                instance_rxtimeoutcallback
 *fill*         0x000000000800b62a        0x2 
 .text.instance_rxerrorcallback
                0x000000000800b62c      0x11c ./iBQR/src/application/instance_common.o
                0x000000000800b62c                instance_rxerrorcallback
 .text.instance_rxgoodcallback
                0x000000000800b748      0xf1c ./iBQR/src/application/instance_common.o
                0x000000000800b748                instance_rxgoodcallback
 .text.instance_peekevent
                0x000000000800c664       0x50 ./iBQR/src/application/instance_common.o
                0x000000000800c664                instance_peekevent
 .text.instance_putevent
                0x000000000800c6b4      0x114 ./iBQR/src/application/instance_common.o
                0x000000000800c6b4                instance_putevent
 .text.instance_getevent
                0x000000000800c7c8      0x260 ./iBQR/src/application/instance_common.o
                0x000000000800c7c8                instance_getevent
 .text.instance_clearevents
                0x000000000800ca28       0xa0 ./iBQR/src/application/instance_common.o
                0x000000000800ca28                instance_clearevents
 .text.instance_run
                0x000000000800cac8       0xac ./iBQR/src/application/instance_common.o
                0x000000000800cac8                instance_run
 .text.instanceconfigantennadelays
                0x000000000800cb74       0x30 ./iBQR/src/application/instance_common.o
                0x000000000800cb74                instanceconfigantennadelays
 .text.slot_transition
                0x000000000800cba4      0x246 ./iBQR/src/application/tdma_handler.o
 *fill*         0x000000000800cdea        0x6 
 .text.update_frame_start
                0x000000000800cdf0      0x180 ./iBQR/src/application/tdma_handler.o
 .text.frame_sync
                0x000000000800cf70      0x5cc ./iBQR/src/application/tdma_handler.o
 .text.tx_sync_msg
                0x000000000800d53c      0x100 ./iBQR/src/application/tdma_handler.o
 .text.tx_select
                0x000000000800d63c      0x34e ./iBQR/src/application/tdma_handler.o
 .text.check_blink
                0x000000000800d98a       0x76 ./iBQR/src/application/tdma_handler.o
 .text.populate_inf_msg
                0x000000000800da00      0x2c4 ./iBQR/src/application/tdma_handler.o
 .text.update_inf_tsfs
                0x000000000800dcc4       0x6c ./iBQR/src/application/tdma_handler.o
 .text.process_inf_msg
                0x000000000800dd30      0x840 ./iBQR/src/application/tdma_handler.o
 .text.poll_delay
                0x000000000800e570       0x50 ./iBQR/src/application/tdma_handler.o
 .text.slot_assigned
                0x000000000800e5c0       0x60 ./iBQR/src/application/tdma_handler.o
 .text.assign_slot
                0x000000000800e620       0xf8 ./iBQR/src/application/tdma_handler.o
 .text.find_assign_slot
                0x000000000800e718      0x320 ./iBQR/src/application/tdma_handler.o
 .text.build_new_network
                0x000000000800ea38       0xc2 ./iBQR/src/application/tdma_handler.o
 .text.deconflict_slot_assignments
                0x000000000800eafa      0x214 ./iBQR/src/application/tdma_handler.o
 .text.deconflict_uwb_pair
                0x000000000800ed0e      0x144 ./iBQR/src/application/tdma_handler.o
 .text.deconflict_slot_pair
                0x000000000800ee52      0x1ba ./iBQR/src/application/tdma_handler.o
 .text.self_conflict
                0x000000000800f00c      0x144 ./iBQR/src/application/tdma_handler.o
 .text.free_slot
                0x000000000800f150       0xce ./iBQR/src/application/tdma_handler.o
 .text.free_slots
                0x000000000800f21e       0x38 ./iBQR/src/application/tdma_handler.o
 .text.uwblist_free_slots
                0x000000000800f256       0x48 ./iBQR/src/application/tdma_handler.o
 .text.tdma_free_all_slots
                0x000000000800f29e       0x94 ./iBQR/src/application/tdma_handler.o
 .text.enter_discovery_mode
                0x000000000800f332       0x5e ./iBQR/src/application/tdma_handler.o
 .text.set_discovery_mode
                0x000000000800f390      0xb50 ./iBQR/src/application/tdma_handler.o
 .text.check_discovery_mode_expiration
                0x000000000800fee0       0x88 ./iBQR/src/application/tdma_handler.o
 .text.check_timeouts
                0x000000000800ff68      0x278 ./iBQR/src/application/tdma_handler.o
 .text.new      0x00000000080101e0      0x414 ./iBQR/src/application/tdma_handler.o
 .text.dwt_initialise
                0x00000000080105f4      0x14c ./iBQR/src/decadriver/deca_device.o
                0x00000000080105f4                dwt_initialise
 .text.dwt_otprevision
                0x0000000008010740       0x14 ./iBQR/src/decadriver/deca_device.o
                0x0000000008010740                dwt_otprevision
 .text.dwt_setlnapamode
                0x0000000008010754       0x4a ./iBQR/src/decadriver/deca_device.o
                0x0000000008010754                dwt_setlnapamode
 *fill*         0x000000000801079e        0x2 
 .text.dwt_getpartid
                0x00000000080107a0       0x14 ./iBQR/src/decadriver/deca_device.o
                0x00000000080107a0                dwt_getpartid
 .text.dwt_getlotid
                0x00000000080107b4       0x14 ./iBQR/src/decadriver/deca_device.o
                0x00000000080107b4                dwt_getlotid
 .text.dwt_readdevid
                0x00000000080107c8       0x12 ./iBQR/src/decadriver/deca_device.o
                0x00000000080107c8                dwt_readdevid
 .text.dwt_configuretxrf
                0x00000000080107da       0x2c ./iBQR/src/decadriver/deca_device.o
                0x00000000080107da                dwt_configuretxrf
 *fill*         0x0000000008010806        0x2 
 .text.dwt_configure
                0x0000000008010808      0x2bc ./iBQR/src/decadriver/deca_device.o
                0x0000000008010808                dwt_configure
 .text.dwt_setrxantennadelay
                0x0000000008010ac4       0x20 ./iBQR/src/decadriver/deca_device.o
                0x0000000008010ac4                dwt_setrxantennadelay
 .text.dwt_settxantennadelay
                0x0000000008010ae4       0x1e ./iBQR/src/decadriver/deca_device.o
                0x0000000008010ae4                dwt_settxantennadelay
 .text.dwt_writetxdata
                0x0000000008010b02       0x3c ./iBQR/src/decadriver/deca_device.o
                0x0000000008010b02                dwt_writetxdata
 *fill*         0x0000000008010b3e        0x2 
 .text.dwt_writetxfctrl
                0x0000000008010b40       0x3c ./iBQR/src/decadriver/deca_device.o
                0x0000000008010b40                dwt_writetxfctrl
 .text.dwt_readrxdata
                0x0000000008010b7c       0x24 ./iBQR/src/decadriver/deca_device.o
                0x0000000008010b7c                dwt_readrxdata
 .text.dwt_readdiagnostics
                0x0000000008010ba0       0x66 ./iBQR/src/decadriver/deca_device.o
                0x0000000008010ba0                dwt_readdiagnostics
 .text.dwt_readtxtimestamp
                0x0000000008010c06       0x1c ./iBQR/src/decadriver/deca_device.o
                0x0000000008010c06                dwt_readtxtimestamp
 .text.dwt_readrxtimestamp
                0x0000000008010c22       0x1c ./iBQR/src/decadriver/deca_device.o
                0x0000000008010c22                dwt_readrxtimestamp
 .text.dwt_readsystime
                0x0000000008010c3e       0x1c ./iBQR/src/decadriver/deca_device.o
                0x0000000008010c3e                dwt_readsystime
 .text.dwt_getdt
                0x0000000008010c5a       0x90 ./iBQR/src/decadriver/deca_device.o
                0x0000000008010c5a                dwt_getdt
 .text.dwt_writetodevice
                0x0000000008010cea       0xb8 ./iBQR/src/decadriver/deca_device.o
                0x0000000008010cea                dwt_writetodevice
 .text.dwt_readfromdevice
                0x0000000008010da2       0xb2 ./iBQR/src/decadriver/deca_device.o
                0x0000000008010da2                dwt_readfromdevice
 .text.dwt_read32bitoffsetreg
                0x0000000008010e54       0x4e ./iBQR/src/decadriver/deca_device.o
                0x0000000008010e54                dwt_read32bitoffsetreg
 .text.dwt_read16bitoffsetreg
                0x0000000008010ea2       0x3a ./iBQR/src/decadriver/deca_device.o
                0x0000000008010ea2                dwt_read16bitoffsetreg
 .text.dwt_read8bitoffsetreg
                0x0000000008010edc       0x26 ./iBQR/src/decadriver/deca_device.o
                0x0000000008010edc                dwt_read8bitoffsetreg
 .text.dwt_write8bitoffsetreg
                0x0000000008010f02       0x26 ./iBQR/src/decadriver/deca_device.o
                0x0000000008010f02                dwt_write8bitoffsetreg
 .text.dwt_write16bitoffsetreg
                0x0000000008010f28       0x38 ./iBQR/src/decadriver/deca_device.o
                0x0000000008010f28                dwt_write16bitoffsetreg
 .text.dwt_write32bitoffsetreg
                0x0000000008010f60       0x4e ./iBQR/src/decadriver/deca_device.o
                0x0000000008010f60                dwt_write32bitoffsetreg
 *fill*         0x0000000008010fae        0x2 
 .text.dwt_enableframefilter
                0x0000000008010fb0       0x64 ./iBQR/src/decadriver/deca_device.o
                0x0000000008010fb0                dwt_enableframefilter
 .text.dwt_setpanid
                0x0000000008011014       0x1e ./iBQR/src/decadriver/deca_device.o
                0x0000000008011014                dwt_setpanid
 .text.dwt_setaddress16
                0x0000000008011032       0x1e ./iBQR/src/decadriver/deca_device.o
                0x0000000008011032                dwt_setaddress16
 .text.dwt_seteui
                0x0000000008011050       0x1c ./iBQR/src/decadriver/deca_device.o
                0x0000000008011050                dwt_seteui
 .text.dwt_geteui
                0x000000000801106c       0x1c ./iBQR/src/decadriver/deca_device.o
                0x000000000801106c                dwt_geteui
 .text.dwt_otpread
                0x0000000008011088       0x4e ./iBQR/src/decadriver/deca_device.o
                0x0000000008011088                dwt_otpread
 .text._dwt_otpread
                0x00000000080110d6       0x3e ./iBQR/src/decadriver/deca_device.o
                0x00000000080110d6                _dwt_otpread
 .text._dwt_aonarrayupload
                0x0000000008011114       0x1c ./iBQR/src/decadriver/deca_device.o
                0x0000000008011114                _dwt_aonarrayupload
 .text._dwt_configlde
                0x0000000008011130       0x40 ./iBQR/src/decadriver/deca_device.o
                0x0000000008011130                _dwt_configlde
 .text._dwt_loaducodefromrom
                0x0000000008011170       0x26 ./iBQR/src/decadriver/deca_device.o
                0x0000000008011170                _dwt_loaducodefromrom
 .text.dwt_loadopsettabfromotp
                0x0000000008011196       0x3e ./iBQR/src/decadriver/deca_device.o
                0x0000000008011196                dwt_loadopsettabfromotp
 .text.dwt_setcallbacks
                0x00000000080111d4       0x3c ./iBQR/src/decadriver/deca_device.o
                0x00000000080111d4                dwt_setcallbacks
 .text.irq_stuck_callback
                0x0000000008011210       0x14 ./iBQR/src/decadriver/deca_device.o
                0x0000000008011210                irq_stuck_callback
 .text.dwt_isr  0x0000000008011224      0x19c ./iBQR/src/decadriver/deca_device.o
                0x0000000008011224                dwt_isr
 .text.dwt_setleds
                0x00000000080113c0       0xb8 ./iBQR/src/decadriver/deca_device.o
                0x00000000080113c0                dwt_setleds
 .text._dwt_enableclocks
                0x0000000008011478      0x134 ./iBQR/src/decadriver/deca_device.o
                0x0000000008011478                _dwt_enableclocks
 .text._dwt_disablesequencing
                0x00000000080115ac       0x18 ./iBQR/src/decadriver/deca_device.o
                0x00000000080115ac                _dwt_disablesequencing
 .text.dwt_setdelayedtrxtime
                0x00000000080115c4       0x1a ./iBQR/src/decadriver/deca_device.o
                0x00000000080115c4                dwt_setdelayedtrxtime
 *fill*         0x00000000080115de        0x2 
 .text.dwt_starttx
                0x00000000080115e0       0xb0 ./iBQR/src/decadriver/deca_device.o
                0x00000000080115e0                dwt_starttx
 .text.dwt_forcetrxoff
                0x0000000008011690       0x60 ./iBQR/src/decadriver/deca_device.o
                0x0000000008011690                dwt_forcetrxoff
 .text.dwt_syncrxbufptrs
                0x00000000080116f0       0x34 ./iBQR/src/decadriver/deca_device.o
                0x00000000080116f0                dwt_syncrxbufptrs
 .text.dwt_rxenable
                0x0000000008011724       0x84 ./iBQR/src/decadriver/deca_device.o
                0x0000000008011724                dwt_rxenable
 .text.dwt_setrxtimeout
                0x00000000080117a8       0x78 ./iBQR/src/decadriver/deca_device.o
                0x00000000080117a8                dwt_setrxtimeout
 .text.dwt_setinterrupt
                0x0000000008011820       0x4e ./iBQR/src/decadriver/deca_device.o
                0x0000000008011820                dwt_setinterrupt
 .text.dwt_configeventcounters
                0x000000000801186e       0x2a ./iBQR/src/decadriver/deca_device.o
                0x000000000801186e                dwt_configeventcounters
 .text.dwt_rxreset
                0x0000000008011898       0x1c ./iBQR/src/decadriver/deca_device.o
                0x0000000008011898                dwt_rxreset
 .text.dwt_softreset
                0x00000000080118b4       0x48 ./iBQR/src/decadriver/deca_device.o
                0x00000000080118b4                dwt_softreset
 .text.dwt_setxtaltrim
                0x00000000080118fc       0x30 ./iBQR/src/decadriver/deca_device.o
                0x00000000080118fc                dwt_setxtaltrim
 .text.dwt_configcontinuousframemode
                0x000000000801192c       0x58 ./iBQR/src/decadriver/deca_device.o
                0x000000000801192c                dwt_configcontinuousframemode
 .text.decamutexon
                0x0000000008011984       0x22 ./iBQR/src/platform/deca_mutex.o
                0x0000000008011984                decamutexon
 .text.decamutexoff
                0x00000000080119a6       0x1a ./iBQR/src/platform/deca_mutex.o
                0x00000000080119a6                decamutexoff
 .text.deca_sleep
                0x00000000080119c0       0x16 ./iBQR/src/platform/deca_sleep.o
                0x00000000080119c0                deca_sleep
 *fill*         0x00000000080119d6        0x2 
 .text.writetospi
                0x00000000080119d8       0x90 ./iBQR/src/platform/deca_spi.o
                0x00000000080119d8                writetospi
 .text.readfromspi
                0x0000000008011a68       0x98 ./iBQR/src/platform/deca_spi.o
                0x0000000008011a68                readfromspi
 .text.writetoLCD
                0x0000000008011b00       0xc4 ./iBQR/src/platform/deca_spi.o
                0x0000000008011b00                writetoLCD
 .text.__NOP    0x0000000008011bc4        0xe ./iBQR/src/platform/port.o
 *fill*         0x0000000008011bd2        0x2 
 .text.NVIC_EnableIRQ
                0x0000000008011bd4       0x30 ./iBQR/src/platform/port.o
 .text.NVIC_DisableIRQ
                0x0000000008011c04       0x34 ./iBQR/src/platform/port.o
 .text.NVIC_SetPriority
                0x0000000008011c38       0x54 ./iBQR/src/platform/port.o
 .text.SysTick_Config
                0x0000000008011c8c       0x44 ./iBQR/src/platform/port.o
 .text.portGetTickCnt
                0x0000000008011cd0       0x14 ./iBQR/src/platform/port.o
                0x0000000008011cd0                portGetTickCnt
 .text.portGetTickCntMicro
                0x0000000008011ce4      0x158 ./iBQR/src/platform/port.o
                0x0000000008011ce4                portGetTickCntMicro
 .text.SysTick_Configuration
                0x0000000008011e3c       0x38 ./iBQR/src/platform/port.o
                0x0000000008011e3c                SysTick_Configuration
 .text.usleep   0x0000000008011e74       0x54 ./iBQR/src/platform/port.o
                0x0000000008011e74                usleep
 .text.Sleep    0x0000000008011ec8       0x2e ./iBQR/src/platform/port.o
                0x0000000008011ec8                Sleep
 .text.peripherals_init
                0x0000000008011ef6       0x1a ./iBQR/src/platform/port.o
                0x0000000008011ef6                peripherals_init
 .text.spi_peripheral_init
                0x0000000008011f10       0x28 ./iBQR/src/platform/port.o
                0x0000000008011f10                spi_peripheral_init
 .text.NVIC_Configuration
                0x0000000008011f38       0x68 ./iBQR/src/platform/port.o
 .text.EXTI_GetITEnStatus
                0x0000000008011fa0       0x28 ./iBQR/src/platform/port.o
                0x0000000008011fa0                EXTI_GetITEnStatus
 .text.RCC_Configuration
                0x0000000008011fc8       0xd4 ./iBQR/src/platform/port.o
 .text.SPI1_ConfigRate
                0x000000000801209c       0x58 ./iBQR/src/platform/port.o
 .text.SPI1_Configuration
                0x00000000080120f4       0x6c ./iBQR/src/platform/port.o
 .text.SPI2_Configuration
                0x0000000008012160       0xe0 ./iBQR/src/platform/port.o
 .text.GPIO_Configuration
                0x0000000008012240       0xc0 ./iBQR/src/platform/port.o
 .text.reset_DW1000
                0x0000000008012300       0x54 ./iBQR/src/platform/port.o
                0x0000000008012300                reset_DW1000
 .text.port_is_boot1_on
                0x0000000008012354       0x2c ./iBQR/src/platform/port.o
                0x0000000008012354                port_is_boot1_on
 .text.port_is_switch_on
                0x0000000008012380       0x2c ./iBQR/src/platform/port.o
                0x0000000008012380                port_is_switch_on
 .text.led_off  0x00000000080123ac       0x74 ./iBQR/src/platform/port.o
                0x00000000080123ac                led_off
 .text.led_on   0x0000000008012420       0x74 ./iBQR/src/platform/port.o
                0x0000000008012420                led_on
 .text.port_wakeup_dw1000
                0x0000000008012494       0x28 ./iBQR/src/platform/port.o
                0x0000000008012494                port_wakeup_dw1000
 .text.port_set_dw1000_slowrate
                0x00000000080124bc        0xe ./iBQR/src/platform/port.o
                0x00000000080124bc                port_set_dw1000_slowrate
 .text.port_set_dw1000_fastrate
                0x00000000080124ca        0xe ./iBQR/src/platform/port.o
                0x00000000080124ca                port_set_dw1000_fastrate
 .text.port_LCD_RS_set
                0x00000000080124d8       0x18 ./iBQR/src/platform/port.o
                0x00000000080124d8                port_LCD_RS_set
 .text.port_LCD_RS_clear
                0x00000000080124f0       0x18 ./iBQR/src/platform/port.o
                0x00000000080124f0                port_LCD_RS_clear
 .text.port_LCD_RW_clear
                0x0000000008012508       0x18 ./iBQR/src/platform/port.o
                0x0000000008012508                port_LCD_RW_clear
 .text.process_dwRSTn_irq
                0x0000000008012520       0x18 ./iBQR/src/platform/port.o
                0x0000000008012520                process_dwRSTn_irq
 .text.process_deca_irq
                0x0000000008012538       0x38 ./iBQR/src/platform/port.o
                0x0000000008012538                process_deca_irq
 .text.port_DisableEXT_IRQ
                0x0000000008012570        0xe ./iBQR/src/platform/port.o
                0x0000000008012570                port_DisableEXT_IRQ
 .text.port_EnableEXT_IRQ
                0x000000000801257e        0xe ./iBQR/src/platform/port.o
                0x000000000801257e                port_EnableEXT_IRQ
 .text.port_GetEXT_IRQStatus
                0x000000000801258c       0x10 ./iBQR/src/platform/port.o
                0x000000000801258c                port_GetEXT_IRQStatus
 .text.port_CheckEXT_IRQ
                0x000000000801259c       0x18 ./iBQR/src/platform/port.o
                0x000000000801259c                port_CheckEXT_IRQ
 .text.NMI_Handler
                0x00000000080125b4        0xc ./iBQR/src/platform/stm32f10x_it.o
                0x00000000080125b4                NMI_Handler
 .text.pop_registers_from_fault_stack
                0x00000000080125c0       0x3a ./iBQR/src/platform/stm32f10x_it.o
                0x00000000080125c0                pop_registers_from_fault_stack
 .text.HardFault_Handler
                0x00000000080125fa       0x1e ./iBQR/src/platform/stm32f10x_it.o
                0x00000000080125fa                HardFault_Handler
 .text.MemManage_Handler
                0x0000000008012618        0x6 ./iBQR/src/platform/stm32f10x_it.o
                0x0000000008012618                MemManage_Handler
 .text.BusFault_Handler
                0x000000000801261e        0x6 ./iBQR/src/platform/stm32f10x_it.o
                0x000000000801261e                BusFault_Handler
 .text.UsageFault_Handler
                0x0000000008012624        0x6 ./iBQR/src/platform/stm32f10x_it.o
                0x0000000008012624                UsageFault_Handler
 .text.SVC_Handler
                0x000000000801262a        0xc ./iBQR/src/platform/stm32f10x_it.o
                0x000000000801262a                SVC_Handler
 .text.DebugMon_Handler
                0x0000000008012636        0xc ./iBQR/src/platform/stm32f10x_it.o
                0x0000000008012636                DebugMon_Handler
 .text.PendSV_Handler
                0x0000000008012642        0xc ./iBQR/src/platform/stm32f10x_it.o
                0x0000000008012642                PendSV_Handler
 .text.RTC_IRQHandler
                0x000000000801264e       0x1e ./iBQR/src/platform/stm32f10x_it.o
                0x000000000801264e                RTC_IRQHandler
 .text.SysTick_Handler
                0x000000000801266c       0x1c ./iBQR/src/platform/stm32f10x_it.o
                0x000000000801266c                SysTick_Handler
 .text.EXTI15_10_IRQHandler
                0x0000000008012688       0x10 ./iBQR/src/platform/stm32f10x_it.o
                0x0000000008012688                EXTI15_10_IRQHandler
 .text.EXTI0_IRQHandler
                0x0000000008012698       0x12 ./iBQR/src/platform/stm32f10x_it.o
                0x0000000008012698                EXTI0_IRQHandler
 .text.EXTI3_IRQHandler
                0x00000000080126aa       0x12 ./iBQR/src/platform/stm32f10x_it.o
                0x00000000080126aa                EXTI3_IRQHandler
 .text.EXTI9_5_IRQHandler
                0x00000000080126bc       0x12 ./iBQR/src/platform/stm32f10x_it.o
                0x00000000080126bc                EXTI9_5_IRQHandler
 *fill*         0x00000000080126ce        0x2 
 .text.OTG_FS_WKUP_IRQHandler
                0x00000000080126d0       0x38 ./iBQR/src/platform/stm32f10x_it.o
                0x00000000080126d0                OTG_FS_WKUP_IRQHandler
 .text.OTG_FS_IRQHandler
                0x0000000008012708       0x14 ./iBQR/src/platform/stm32f10x_it.o
                0x0000000008012708                OTG_FS_IRQHandler
 .text.DW_VCP_Init
                0x000000000801271c       0x10 ./iBQR/src/usb/deca_usb.o
                0x000000000801271c                DW_VCP_Init
 .text.DW_VCP_DeInit
                0x000000000801272c       0x10 ./iBQR/src/usb/deca_usb.o
                0x000000000801272c                DW_VCP_DeInit
 .text.DW_VCP_Ctrl
                0x000000000801273c       0x18 ./iBQR/src/usb/deca_usb.o
                0x000000000801273c                DW_VCP_Ctrl
 .text.DW_VCP_DataTx
                0x0000000008012754       0x48 ./iBQR/src/usb/deca_usb.o
                0x0000000008012754                DW_VCP_DataTx
 .text.DW_VCP_DataRx
                0x000000000801279c       0xf0 ./iBQR/src/usb/deca_usb.o
                0x000000000801279c                DW_VCP_DataRx
 .text.configSPIspeed
                0x000000000801288c       0x1c ./iBQR/src/usb/deca_usb.o
                0x000000000801288c                configSPIspeed
 .text.process_usbmessage
                0x00000000080128a8      0x2e4 ./iBQR/src/usb/deca_usb.o
                0x00000000080128a8                process_usbmessage
 .text.send_usbmessage
                0x0000000008012b8c       0x3c ./iBQR/src/usb/deca_usb.o
                0x0000000008012b8c                send_usbmessage
 .text.usb_printconfig
                0x0000000008012bc8       0x28 ./iBQR/src/usb/deca_usb.o
                0x0000000008012bc8                usb_printconfig
 .text.usb_init
                0x0000000008012bf0       0x68 ./iBQR/src/usb/deca_usb.o
                0x0000000008012bf0                usb_init
 .text.usb_run  0x0000000008012c58       0x84 ./iBQR/src/usb/deca_usb.o
                0x0000000008012c58                usb_run
 .text.USB_OTG_BSP_Init
                0x0000000008012cdc       0x6c ./iBQR/src/usb/deca_usb_bsp_evk1000.o
                0x0000000008012cdc                USB_OTG_BSP_Init
 .text.USB_OTG_BSP_EnableInterrupt
                0x0000000008012d48       0x32 ./iBQR/src/usb/deca_usb_bsp_evk1000.o
                0x0000000008012d48                USB_OTG_BSP_EnableInterrupt
 *fill*         0x0000000008012d7a        0x2 
 .text.USB_OTG_BSP_uDelay
                0x0000000008012d7c       0x48 ./iBQR/src/usb/deca_usb_bsp_evk1000.o
                0x0000000008012d7c                USB_OTG_BSP_uDelay
 .text.USB_OTG_BSP_mDelay
                0x0000000008012dc4       0x20 ./iBQR/src/usb/deca_usb_bsp_evk1000.o
                0x0000000008012dc4                USB_OTG_BSP_mDelay
 .text.USBD_USR_DeviceDescriptor
                0x0000000008012de4       0x24 ./iBQR/src/usb/usbd_desc.o
                0x0000000008012de4                USBD_USR_DeviceDescriptor
 .text.USBD_USR_LangIDStrDescriptor
                0x0000000008012e08       0x24 ./iBQR/src/usb/usbd_desc.o
                0x0000000008012e08                USBD_USR_LangIDStrDescriptor
 .text.USBD_USR_ProductStrDescriptor
                0x0000000008012e2c       0x40 ./iBQR/src/usb/usbd_desc.o
                0x0000000008012e2c                USBD_USR_ProductStrDescriptor
 .text.USBD_USR_ManufacturerStrDescriptor
                0x0000000008012e6c       0x28 ./iBQR/src/usb/usbd_desc.o
                0x0000000008012e6c                USBD_USR_ManufacturerStrDescriptor
 .text.USBD_USR_SerialStrDescriptor
                0x0000000008012e94       0x40 ./iBQR/src/usb/usbd_desc.o
                0x0000000008012e94                USBD_USR_SerialStrDescriptor
 .text.USBD_USR_ConfigStrDescriptor
                0x0000000008012ed4       0x3c ./iBQR/src/usb/usbd_desc.o
                0x0000000008012ed4                USBD_USR_ConfigStrDescriptor
 .text.USBD_USR_InterfaceStrDescriptor
                0x0000000008012f10       0x3c ./iBQR/src/usb/usbd_desc.o
                0x0000000008012f10                USBD_USR_InterfaceStrDescriptor
 .text.USBD_USR_Init
                0x0000000008012f4c        0xc ./iBQR/src/usb/usbd_usr.o
                0x0000000008012f4c                USBD_USR_Init
 .text.USBD_USR_DeviceReset
                0x0000000008012f58       0x20 ./iBQR/src/usb/usbd_usr.o
                0x0000000008012f58                USBD_USR_DeviceReset
 .text.USBD_USR_DeviceConfigured
                0x0000000008012f78        0xc ./iBQR/src/usb/usbd_usr.o
                0x0000000008012f78                USBD_USR_DeviceConfigured
 .text.USBD_USR_DeviceSuspended
                0x0000000008012f84        0xc ./iBQR/src/usb/usbd_usr.o
                0x0000000008012f84                USBD_USR_DeviceSuspended
 .text.USBD_USR_DeviceResumed
                0x0000000008012f90        0xc ./iBQR/src/usb/usbd_usr.o
                0x0000000008012f90                USBD_USR_DeviceResumed
 .text.USBD_USR_DeviceConnected
                0x0000000008012f9c        0xc ./iBQR/src/usb/usbd_usr.o
                0x0000000008012f9c                USBD_USR_DeviceConnected
 .text.USBD_USR_DeviceDisconnected
                0x0000000008012fa8        0xc ./iBQR/src/usb/usbd_usr.o
                0x0000000008012fa8                USBD_USR_DeviceDisconnected
 .text.__libc_init_array
                0x0000000008012fb4       0x48 c:/st/stm32cubeide_1.8.0/stm32cubeide/plugins/com.st.stm32cube.ide.mcu.externaltools.gnu-tools-for-stm32.9-2020-q2-update.win32_2.0.0.202105311346/tools/bin/../lib/gcc/arm-none-eabi/9.3.1/../../../../arm-none-eabi/lib/thumb/v7-m/nofp\libc_nano.a(lib_a-init.o)
                0x0000000008012fb4                __libc_init_array
 .text.malloc   0x0000000008012ffc       0x10 c:/st/stm32cubeide_1.8.0/stm32cubeide/plugins/com.st.stm32cube.ide.mcu.externaltools.gnu-tools-for-stm32.9-2020-q2-update.win32_2.0.0.202105311346/tools/bin/../lib/gcc/arm-none-eabi/9.3.1/../../../../arm-none-eabi/lib/thumb/v7-m/nofp\libc_nano.a(lib_a-malloc.o)
                0x0000000008012ffc                malloc
 .text.free     0x000000000801300c       0x10 c:/st/stm32cubeide_1.8.0/stm32cubeide/plugins/com.st.stm32cube.ide.mcu.externaltools.gnu-tools-for-stm32.9-2020-q2-update.win32_2.0.0.202105311346/tools/bin/../lib/gcc/arm-none-eabi/9.3.1/../../../../arm-none-eabi/lib/thumb/v7-m/nofp\libc_nano.a(lib_a-malloc.o)
                0x000000000801300c                free
 .text.memcmp   0x000000000801301c       0x1c c:/st/stm32cubeide_1.8.0/stm32cubeide/plugins/com.st.stm32cube.ide.mcu.externaltools.gnu-tools-for-stm32.9-2020-q2-update.win32_2.0.0.202105311346/tools/bin/../lib/gcc/arm-none-eabi/9.3.1/../../../../arm-none-eabi/lib/thumb/v7-m/nofp\libc_nano.a(lib_a-memcmp.o)
                0x000000000801301c                memcmp
 .text.memcpy   0x0000000008013038       0x1c c:/st/stm32cubeide_1.8.0/stm32cubeide/plugins/com.st.stm32cube.ide.mcu.externaltools.gnu-tools-for-stm32.9-2020-q2-update.win32_2.0.0.202105311346/tools/bin/../lib/gcc/arm-none-eabi/9.3.1/../../../../arm-none-eabi/lib/thumb/v7-m/nofp\libc_nano.a(lib_a-memcpy-stub.o)
                0x0000000008013038                memcpy
 .text.memset   0x0000000008013054       0x10 c:/st/stm32cubeide_1.8.0/stm32cubeide/plugins/com.st.stm32cube.ide.mcu.externaltools.gnu-tools-for-stm32.9-2020-q2-update.win32_2.0.0.202105311346/tools/bin/../lib/gcc/arm-none-eabi/9.3.1/../../../../arm-none-eabi/lib/thumb/v7-m/nofp\libc_nano.a(lib_a-memset.o)
                0x0000000008013054                memset
 .text._free_r  0x0000000008013064       0x98 c:/st/stm32cubeide_1.8.0/stm32cubeide/plugins/com.st.stm32cube.ide.mcu.externaltools.gnu-tools-for-stm32.9-2020-q2-update.win32_2.0.0.202105311346/tools/bin/../lib/gcc/arm-none-eabi/9.3.1/../../../../arm-none-eabi/lib/thumb/v7-m/nofp\libc_nano.a(lib_a-nano-freer.o)
                0x0000000008013064                _free_r
 .text._malloc_r
                0x00000000080130fc       0xb4 c:/st/stm32cubeide_1.8.0/stm32cubeide/plugins/com.st.stm32cube.ide.mcu.externaltools.gnu-tools-for-stm32.9-2020-q2-update.win32_2.0.0.202105311346/tools/bin/../lib/gcc/arm-none-eabi/9.3.1/../../../../arm-none-eabi/lib/thumb/v7-m/nofp\libc_nano.a(lib_a-nano-mallocr.o)
                0x00000000080130fc                _malloc_r
 .text.__cvt    0x00000000080131b0       0xbe c:/st/stm32cubeide_1.8.0/stm32cubeide/plugins/com.st.stm32cube.ide.mcu.externaltools.gnu-tools-for-stm32.9-2020-q2-update.win32_2.0.0.202105311346/tools/bin/../lib/gcc/arm-none-eabi/9.3.1/../../../../arm-none-eabi/lib/thumb/v7-m/nofp\libc_nano.a(lib_a-nano-vfprintf_float.o)
                0x00000000080131b0                __cvt
 .text.__exponent
                0x000000000801326e       0x7c c:/st/stm32cubeide_1.8.0/stm32cubeide/plugins/com.st.stm32cube.ide.mcu.externaltools.gnu-tools-for-stm32.9-2020-q2-update.win32_2.0.0.202105311346/tools/bin/../lib/gcc/arm-none-eabi/9.3.1/../../../../arm-none-eabi/lib/thumb/v7-m/nofp\libc_nano.a(lib_a-nano-vfprintf_float.o)
                0x000000000801326e                __exponent
 *fill*         0x00000000080132ea        0x2 
 .text._printf_float
                0x00000000080132ec      0x458 c:/st/stm32cubeide_1.8.0/stm32cubeide/plugins/com.st.stm32cube.ide.mcu.externaltools.gnu-tools-for-stm32.9-2020-q2-update.win32_2.0.0.202105311346/tools/bin/../lib/gcc/arm-none-eabi/9.3.1/../../../../arm-none-eabi/lib/thumb/v7-m/nofp\libc_nano.a(lib_a-nano-vfprintf_float.o)
                0x00000000080132ec                _printf_float
 .text._printf_common
                0x0000000008013744       0xde c:/st/stm32cubeide_1.8.0/stm32cubeide/plugins/com.st.stm32cube.ide.mcu.externaltools.gnu-tools-for-stm32.9-2020-q2-update.win32_2.0.0.202105311346/tools/bin/../lib/gcc/arm-none-eabi/9.3.1/../../../../arm-none-eabi/lib/thumb/v7-m/nofp\libc_nano.a(lib_a-nano-vfprintf_i.o)
                0x0000000008013744                _printf_common
 *fill*         0x0000000008013822        0x2 
 .text._printf_i
                0x0000000008013824      0x24c c:/st/stm32cubeide_1.8.0/stm32cubeide/plugins/com.st.stm32cube.ide.mcu.externaltools.gnu-tools-for-stm32.9-2020-q2-update.win32_2.0.0.202105311346/tools/bin/../lib/gcc/arm-none-eabi/9.3.1/../../../../arm-none-eabi/lib/thumb/v7-m/nofp\libc_nano.a(lib_a-nano-vfprintf_i.o)
                0x0000000008013824                _printf_i
 .text.srand    0x0000000008013a70       0x5c c:/st/stm32cubeide_1.8.0/stm32cubeide/plugins/com.st.stm32cube.ide.mcu.externaltools.gnu-tools-for-stm32.9-2020-q2-update.win32_2.0.0.202105311346/tools/bin/../lib/gcc/arm-none-eabi/9.3.1/../../../../arm-none-eabi/lib/thumb/v7-m/nofp\libc_nano.a(lib_a-rand.o)
                0x0000000008013a70                srand
 .text.rand     0x0000000008013acc       0x80 c:/st/stm32cubeide_1.8.0/stm32cubeide/plugins/com.st.stm32cube.ide.mcu.externaltools.gnu-tools-for-stm32.9-2020-q2-update.win32_2.0.0.202105311346/tools/bin/../lib/gcc/arm-none-eabi/9.3.1/../../../../arm-none-eabi/lib/thumb/v7-m/nofp\libc_nano.a(lib_a-rand.o)
                0x0000000008013acc                rand
 .text._sbrk_r  0x0000000008013b4c       0x20 c:/st/stm32cubeide_1.8.0/stm32cubeide/plugins/com.st.stm32cube.ide.mcu.externaltools.gnu-tools-for-stm32.9-2020-q2-update.win32_2.0.0.202105311346/tools/bin/../lib/gcc/arm-none-eabi/9.3.1/../../../../arm-none-eabi/lib/thumb/v7-m/nofp\libc_nano.a(lib_a-sbrkr.o)
                0x0000000008013b4c                _sbrk_r
 .text.sprintf  0x0000000008013b6c       0x40 c:/st/stm32cubeide_1.8.0/stm32cubeide/plugins/com.st.stm32cube.ide.mcu.externaltools.gnu-tools-for-stm32.9-2020-q2-update.win32_2.0.0.202105311346/tools/bin/../lib/gcc/arm-none-eabi/9.3.1/../../../../arm-none-eabi/lib/thumb/v7-m/nofp\libc_nano.a(lib_a-sprintf.o)
                0x0000000008013b6c                siprintf
                0x0000000008013b6c                sprintf
 .text.__assert_func
                0x0000000008013bac       0x3c c:/st/stm32cubeide_1.8.0/stm32cubeide/plugins/com.st.stm32cube.ide.mcu.externaltools.gnu-tools-for-stm32.9-2020-q2-update.win32_2.0.0.202105311346/tools/bin/../lib/gcc/arm-none-eabi/9.3.1/../../../../arm-none-eabi/lib/thumb/v7-m/nofp\libc_nano.a(lib_a-assert.o)
                0x0000000008013bac                __assert_func
 .text.quorem   0x0000000008013be8      0x11a c:/st/stm32cubeide_1.8.0/stm32cubeide/plugins/com.st.stm32cube.ide.mcu.externaltools.gnu-tools-for-stm32.9-2020-q2-update.win32_2.0.0.202105311346/tools/bin/../lib/gcc/arm-none-eabi/9.3.1/../../../../arm-none-eabi/lib/thumb/v7-m/nofp\libc_nano.a(lib_a-dtoa.o)
 *fill*         0x0000000008013d02        0x6 
 .text._dtoa_r  0x0000000008013d08      0xbdc c:/st/stm32cubeide_1.8.0/stm32cubeide/plugins/com.st.stm32cube.ide.mcu.externaltools.gnu-tools-for-stm32.9-2020-q2-update.win32_2.0.0.202105311346/tools/bin/../lib/gcc/arm-none-eabi/9.3.1/../../../../arm-none-eabi/lib/thumb/v7-m/nofp\libc_nano.a(lib_a-dtoa.o)
                0x0000000008013d08                _dtoa_r
 .text.fprintf  0x00000000080148e4       0x24 c:/st/stm32cubeide_1.8.0/stm32cubeide/plugins/com.st.stm32cube.ide.mcu.externaltools.gnu-tools-for-stm32.9-2020-q2-update.win32_2.0.0.202105311346/tools/bin/../lib/gcc/arm-none-eabi/9.3.1/../../../../arm-none-eabi/lib/thumb/v7-m/nofp\libc_nano.a(lib_a-fprintf.o)
                0x00000000080148e4                fiprintf
                0x00000000080148e4                fprintf
 .text._localeconv_r
                0x0000000008014908        0x8 c:/st/stm32cubeide_1.8.0/stm32cubeide/plugins/com.st.stm32cube.ide.mcu.externaltools.gnu-tools-for-stm32.9-2020-q2-update.win32_2.0.0.202105311346/tools/bin/../lib/gcc/arm-none-eabi/9.3.1/../../../../arm-none-eabi/lib/thumb/v7-m/nofp\libc_nano.a(lib_a-localeconv.o)
                0x0000000008014908                _localeconv_r
 .text.memchr   0x0000000008014910       0x1c c:/st/stm32cubeide_1.8.0/stm32cubeide/plugins/com.st.stm32cube.ide.mcu.externaltools.gnu-tools-for-stm32.9-2020-q2-update.win32_2.0.0.202105311346/tools/bin/../lib/gcc/arm-none-eabi/9.3.1/../../../../arm-none-eabi/lib/thumb/v7-m/nofp\libc_nano.a(lib_a-memchr-stub.o)
                0x0000000008014910                memchr
 .text.__malloc_lock
                0x000000000801492c        0xc c:/st/stm32cubeide_1.8.0/stm32cubeide/plugins/com.st.stm32cube.ide.mcu.externaltools.gnu-tools-for-stm32.9-2020-q2-update.win32_2.0.0.202105311346/tools/bin/../lib/gcc/arm-none-eabi/9.3.1/../../../../arm-none-eabi/lib/thumb/v7-m/nofp\libc_nano.a(lib_a-mlock.o)
                0x000000000801492c                __malloc_lock
 .text.__malloc_unlock
                0x0000000008014938        0xc c:/st/stm32cubeide_1.8.0/stm32cubeide/plugins/com.st.stm32cube.ide.mcu.externaltools.gnu-tools-for-stm32.9-2020-q2-update.win32_2.0.0.202105311346/tools/bin/../lib/gcc/arm-none-eabi/9.3.1/../../../../arm-none-eabi/lib/thumb/v7-m/nofp\libc_nano.a(lib_a-mlock.o)
                0x0000000008014938                __malloc_unlock
 .text._Balloc  0x0000000008014944       0x80 c:/st/stm32cubeide_1.8.0/stm32cubeide/plugins/com.st.stm32cube.ide.mcu.externaltools.gnu-tools-for-stm32.9-2020-q2-update.win32_2.0.0.202105311346/tools/bin/../lib/gcc/arm-none-eabi/9.3.1/../../../../arm-none-eabi/lib/thumb/v7-m/nofp\libc_nano.a(lib_a-mprec.o)