core_cm3.h:1210:22:__NOP	4	static,ignoring_inline_asm
core_cm3.h:1502:22:NVIC_EnableIRQ	16	static
core_cm3.h:1515:22:NVIC_DisableIRQ	16	static
core_cm3.h:1586:22:NVIC_SetPriority	16	static
core_cm3.h:1694:26:SysTick_Config	16	static
port.c:53:25:portGetTickCnt	4	static
port.c:62:20:portGetTickCntMicro	80	static
port.c:89:5:SysTick_Configuration	8	static
port.c:106:5:usleep	24	static
port.c:128:6:Sleep	24	static
port.c:151:5:peripherals_init	8	static
port.c:165:6:spi_peripheral_init	16	static
port.c:181:5:NVIC_Configuration	24	static
port.c:224:10:EXTI_GetITEnStatus	16	static
port.c:234:5:RCC_Configuration	32	static
port.c:319:6:SPI1_ConfigRate	40	static
port.c:348:5:SPI1_Configuration	16	static
port.c:386:5:SPI2_Configuration	32	static
port.c:454:5:GPIO_Configuration	16	static
port.c:521:6:reset_DW1000	16	static
port.c:550:6:setup_DW1000RSTnIRQ	32	static
port.c:606:5:port_is_boot1_low	8	static
port.c:615:5:port_is_boot1_on	16	static
port.c:625:5:port_is_switch_on	16	static
port.c:634:6:led_off	16	static
port.c:662:6:led_on	16	static
port.c:691:6:port_wakeup_dw1000	8	static
port.c:704:6:port_wakeup_dw1000_fast	16	static
port.c:736:6:port_set_dw1000_slowrate	8	static
port.c:745:6:port_set_dw1000_fastrate	8	static
port.c:753:6:port_LCD_RS_set	8	static
port.c:761:6:port_LCD_RS_clear	8	static
port.c:769:6:port_LCD_RW_set	8	static
port.c:777:6:port_LCD_RW_clear	8	static
port.c:801:15:process_dwRSTn_irq	4	static
port.c:811:15:process_deca_irq	16	static
port.c:832:15:port_DisableEXT_IRQ	8	static
port.c:841:15:port_EnableEXT_IRQ	8	static
port.c:850:19:port_GetEXT_IRQStatus	8	static
port.c:859:19:port_CheckEXT_IRQ	8	static
