instance_common.c:51:18:instance_get_local_structure_ptr	16	static
instance_common.c:67:21:tdma_get_local_structure_ptr	4	static
instance_common.c:77:5:tdma_init_s	624	static
instance_common.c:86:5:decarangingmode	24	static
instance_common.c:110:8:convertmicrosectodevicetimeu	32	static
instance_common.c:124:8:convertmicrosectodevicetimeu32	32	static
instance_common.c:137:8:convertdevicetimetosec	24	static
instance_common.c:146:8:convertdevicetimetosec8	40	static
instance_common.c:161:8:getrangebias_rng	304	static
instance_common.c:270:8:getrangebias_rsl	272	static
instance_common.c:416:5:reportTOF	80	static
instance_common.c:486:5:instgetuwblistindex	40	static
instance_common.c:519:5:instfindnumneighbors	24	static
instance_common.c:539:5:instfindnumhidden	24	static
instance_common.c:561:6:instclearuwbList	24	static
instance_common.c:578:5:instancegetrole	4	static
instance_common.c:583:5:instancenewrange	4	static
instance_common.c:594:8:instancenewrangeancadd	4	static
instance_common.c:599:8:instancenewrangetagadd	4	static
instance_common.c:607:6:instanceclearcounts	16	static
instance_common.c:631:5:instance_init	24	static
instance_common.c:695:8:instancereaddeviceid	8	static
instance_common.c:709:6:instance_config	80	static
instance_common.c:822:8:instance_get_idist	24	static
instance_common.c:829:8:instance_get_idistrsl	24	static
instance_common.c:836:8:instance_get_idistraw	24	static
instance_common.c:843:8:instance_get_irsl	24	static
instance_common.c:850:5:instance_get_rxf	16	static
instance_common.c:857:5:instance_get_txf	16	static
instance_common.c:864:5:instance_get_txl	16	static
instance_common.c:871:5:instance_get_rxl	16	static
instance_common.c:878:6:inst_processtxrxtimeout	24	static
instance_common.c:919:6:instance_irqstuckcallback	24	static
instance_common.c:964:6:instance_txcallback	2112	static
instance_common.c:1011:6:instance_rxtimeoutcallback	2104	static
instance_common.c:1024:6:instance_rxerrorcallback	2112	static
instance_common.c:1063:6:instance_rxgoodcallback	2264	static
instance_common.c:1491:5:instance_peekevent	16	static
instance_common.c:1497:6:instance_putevent	16	static
instance_common.c:1519:15:instance_getevent	24	static
instance_common.c:1557:6:instance_clearevents	16	static
instance_common.c:1575:5:instance_run	24	static
instance_common.c:1605:6:instanceconfigantennadelays	16	static
instance_common.c:1613:6:instancesetantennadelays	8	static
instance_common.c:1625:8:instancetxantdly	4	static
instance_common.c:1630:8:instancerxantdly	4	static
