instance.c:70:6:instanceconfigframeheader	16	static
instance.c:153:6:instanceconfigmessages	24	static
instance.c:192:6:instancerxon	32	static
instance.c:207:5:instancesendpacket	24	static
instance.c:227:13:get_inst_states_string	16	static
instance.c:249:13:get_instanceModes_string	16	static
instance.c:262:13:get_discovery_modes_string	16	static
instance.c:278:7:get_msg_fcode_string	16	static
instance.c:335:5:testapprun	552	static
instance.c:1181:5:instance_init_s	24	static
instance.c:1213:6:instance_init_timings	688	static
instance.c:1401:8:instance_getmessageduration_us	24	static
instance.c:1431:8:instance_get_addr	8	static
instance.c:1436:8:instance_get_uwbaddr	48	static
instance.c:1454:6:instance_readaccumulatordata	4	static
instance.c:1474:8:get_dt32	16	static
instance.c:1488:8:timestamp_add32	24	static
instance.c:1502:8:timestamp_subtract32	16	static
instance.c:1517:8:get_dt64	40	static
instance.c:1531:8:timestamp_add64	48	static
instance.c:1545:8:timestamp_subtract64	40	static
instance.c:1560:8:address64to16	16	static
