tdma_handler.c:11:13:slot_transition	104	static
tdma_handler.c:82:15:update_frame_start	88	static
tdma_handler.c:109:13:frame_sync	288	static
tdma_handler.c:257:13:tx_sync_msg	40	static
tdma_handler.c:292:13:tx_select	136	static
tdma_handler.c:458:13:check_blink	40	static
tdma_handler.c:480:13:populate_inf_msg	64	static
tdma_handler.c:585:13:update_inf_tsfs	40	static
tdma_handler.c:611:13:process_inf_msg	152	static
tdma_handler.c:899:13:poll_delay	48	static
tdma_handler.c:913:13:slot_assigned	24	static
tdma_handler.c:931:13:assign_slot	32	static
tdma_handler.c:984:13:find_assign_slot	56	static
tdma_handler.c:1119:13:build_new_network	48	static
tdma_handler.c:1141:13:deconflict_slot_assignments	48	static
tdma_handler.c:1217:13:deconflict_uwb_pair	56	static
tdma_handler.c:1291:13:deconflict_slot_pair	40	static
tdma_handler.c:1377:13:self_conflict	48	static
tdma_handler.c:1434:13:free_slot	24	static
tdma_handler.c:1472:13:free_slots	16	static
tdma_handler.c:1484:13:uwblist_free_slots	24	static
tdma_handler.c:1498:13:tdma_free_all_slots	24	static
tdma_handler.c:1516:13:enter_discovery_mode	24	static
tdma_handler.c:1531:13:set_discovery_mode	432	dynamic
tdma_handler.c:1783:13:check_discovery_mode_expiration	32	static
tdma_handler.c:1815:13:check_timeouts	64	static
tdma_handler.c:1946:27:new	656	static
