deca_device.c:124:5:dwt_initialise	32	static
deca_device.c:216:7:dwt_otprevision	4	static
deca_device.c:233:6:dwt_setfinegraintxseq	16	static
deca_device.c:262:6:dwt_setlnapamode	24	static
deca_device.c:290:6:dwt_setgpiodirection	24	static
deca_device.c:315:6:dwt_setgpiovalue	24	static
deca_device.c:340:8:dwt_getpartid	4	static
deca_device.c:358:8:dwt_getlotid	4	static
deca_device.c:374:8:dwt_readdevid	8	static
deca_device.c:393:6:dwt_configuretxrf	16	static
deca_device.c:419:6:dwt_configure	32	static
deca_device.c:558:6:dwt_setrxantennadelay	16	static
deca_device.c:577:6:dwt_settxantennadelay	16	static
deca_device.c:603:5:dwt_writetxdata	16	static
deca_device.c:640:6:dwt_writetxfctrl	24	static
deca_device.c:668:6:dwt_readrxdata	16	static
deca_device.c:690:6:dwt_readaccdata	16	static
deca_device.c:712:6:dwt_readdiagnostics	16	static
deca_device.c:740:6:dwt_readtxtimestamp	16	static
deca_device.c:756:8:dwt_readtxtimestamphi32	8	static
deca_device.c:772:8:dwt_readtxtimestamplo32	8	static
deca_device.c:789:6:dwt_readrxtimestamp	16	static
deca_device.c:805:8:dwt_readrxtimestamphi32	8	static
deca_device.c:821:8:dwt_readrxtimestamplo32	8	static
deca_device.c:837:8:dwt_readsystimestamphi32	8	static
deca_device.c:855:6:dwt_readsystime	16	static
deca_device.c:871:8:dwt_getdt	56	static
deca_device.c:899:8:dwt_timestamp_add	64	static
deca_device.c:928:8:dwt_timestamp_subtract	56	static
deca_device.c:968:6:dwt_writetodevice	32	static
deca_device.c:1032:6:dwt_readfromdevice	32	static
deca_device.c:1088:8:dwt_read32bitoffsetreg	32	static
deca_device.c:1117:8:dwt_read16bitoffsetreg	24	static
deca_device.c:1142:7:dwt_read8bitoffsetreg	24	static
deca_device.c:1165:6:dwt_write8bitoffsetreg	24	static
deca_device.c:1184:6:dwt_write16bitoffsetreg	32	static
deca_device.c:1208:6:dwt_write32bitoffsetreg	32	static
deca_device.c:1242:6:dwt_enableframefilter	24	static
deca_device.c:1273:6:dwt_setpanid	16	static
deca_device.c:1291:6:dwt_setaddress16	16	static
deca_device.c:1309:6:dwt_seteui	16	static
deca_device.c:1326:6:dwt_geteui	16	static
deca_device.c:1345:6:dwt_otpread	40	static
deca_device.c:1373:8:_dwt_otpread	24	static
deca_device.c:1411:8:_dwt_otpsetmrregs	40	static
deca_device.c:1577:8:_dwt_otpprogword32	24	static
deca_device.c:1638:5:dwt_otpwriteandverify	24	static
deca_device.c:1692:6:_dwt_aonconfigupload	8	static
deca_device.c:1710:6:_dwt_aonarrayupload	8	static
deca_device.c:1728:6:dwt_entersleep	8	static
deca_device.c:1748:6:dwt_configuresleepcnt	16	static
deca_device.c:1786:8:dwt_calibratesleepcnt	16	static
deca_device.c:1873:6:dwt_configuresleep	16	static
deca_device.c:1898:6:dwt_entersleepaftertx	24	static
deca_device.c:1937:5:dwt_spicswakeup	16	static
deca_device.c:1973:6:_dwt_configlde	16	static
deca_device.c:1999:6:_dwt_loaducodefromrom	8	static
deca_device.c:2028:6:dwt_loadopsettabfromotp	24	static
deca_device.c:2054:6:dwt_setsmarttxpower	16	static
deca_device.c:2087:6:dwt_enableautoack	16	static
deca_device.c:2108:6:dwt_setdblrxbuffmode	16	static
deca_device.c:2138:6:dwt_setrxaftertxdelay	24	static
deca_device.c:2168:6:dwt_setcallbacks	24	static
deca_device.c:2188:7:dwt_checkirq	8	static
deca_device.c:2204:6:irq_stuck_callback	8	static
deca_device.c:2233:6:dwt_isr	24	static
deca_device.c:2370:6:dwt_lowpowerlistenisr	24	static
deca_device.c:2440:6:dwt_setleds	24	static
deca_device.c:2493:6:_dwt_enableclocks	24	static
deca_device.c:2573:6:_dwt_disablesequencing	8	static
deca_device.c:2593:6:dwt_setdelayedtrxtime	16	static
deca_device.c:2614:5:dwt_starttx	24	static
deca_device.c:2672:6:dwt_forcetrxoff	16	static
deca_device.c:2717:6:dwt_syncrxbufptrs	16	static
deca_device.c:2749:6:dwt_setsniffmode	24	static
deca_device.c:2801:6:dwt_setlowpowerlistening	24	static
deca_device.c:2831:6:dwt_setsnoozetime	16	static
deca_device.c:2855:5:dwt_rxenable	24	static
deca_device.c:2906:6:dwt_setrxtimeout	24	static
deca_device.c:2947:6:dwt_setpreambledetecttimeout	16	static
deca_device.c:2976:6:dwt_setinterrupt	24	static
deca_device.c:3010:6:dwt_configeventcounters	16	static
deca_device.c:3033:6:dwt_readeventcounters	24	static
deca_device.c:3074:6:dwt_rxreset	8	static
deca_device.c:3094:6:dwt_softreset	8	static
deca_device.c:3130:6:dwt_setxtaltrim	24	static
deca_device.c:3151:7:dwt_getinitxtaltrim	4	static
deca_device.c:3168:6:dwt_configcwmode	16	static
deca_device.c:3220:6:dwt_configcontinuousframemode	16	static
deca_device.c:3273:8:dwt_readtempvbat	24	static
deca_device.c:3332:7:dwt_readwakeuptemp	8	static
deca_device.c:3350:7:dwt_readwakeupvbat	8	static
deca_device.c:3365:6:dwt_dumpregisterstousb	24096	static
